Mon Sep 21 10:35:31 AM UTC 2026
{"node": "be0", "state": "already stopped"}
{"node": "fe", "state": "already stopped"}
{"node": "be1", "state": "already stopped"}
{"node": "be2", "state": "already stopped"}
{"node": "fe", "pid": 198301, "start_ticks": "18948477", "home": "/query-corruption-workspace/runtime/qct-cluster/fe", "command": ["/usr/lib/jvm/java-17-openjdk-arm64/bin/java", "-Xms512m", "-Xmx2g", "-XX:+UseG1GC", "-Dlog4j2.formatMsgNoLookups=true", "-cp", "/query-corruption-workspace/baseline-src/fe/fe-core/target/starrocks-fe.jar:/query-corruption-workspace/baseline-src/fe/fe-core/target/lib/*:/query-corruption-workspace/runtime/qct-cluster/fe/conf", "com.starrocks.StarRocksFE"], "selection": {"variant": "A-baseline", "source": "/query-corruption-workspace/baseline-src", "storage_page_cache": false, "selected_utc": "20260921T103531.374763Z"}}
{"node": "be0", "pid": 198302, "start_ticks": "18948477", "home": "/query-corruption-workspace/runtime/qct-cluster/be0", "command": ["/query-corruption-workspace/baseline-src/be/output/lib/starrocks_be"], "selection": {"variant": "A-baseline", "source": "/query-corruption-workspace/baseline-src", "storage_page_cache": false, "selected_utc": "20260921T103531.374763Z"}}
{"node": "be1", "pid": 198303, "start_ticks": "18948478", "home": "/query-corruption-workspace/runtime/qct-cluster/be1", "command": ["/query-corruption-workspace/baseline-src/be/output/lib/starrocks_be"], "selection": {"variant": "A-baseline", "source": "/query-corruption-workspace/baseline-src", "storage_page_cache": false, "selected_utc": "20260921T103531.374763Z"}}
{"node": "be2", "pid": 198304, "start_ticks": "18948478", "home": "/query-corruption-workspace/runtime/qct-cluster/be2", "command": ["/query-corruption-workspace/baseline-src/be/output/lib/starrocks_be"], "selection": {"variant": "A-baseline", "source": "/query-corruption-workspace/baseline-src", "storage_page_cache": false, "selected_utc": "20260921T103531.374763Z"}}
{"utc": "2026-09-21T10:35:40.007983+00:00", "command": ["/query-corruption-workspace/tools/python/bin/python", "/query-corruption-workspace/src/tools/query_corruption/benchmark.py", "--variant", "A-baseline", "--protocol", "mysql", "--build-manifest", "/query-corruption-workspace/logs/QCT-006/qct007-20260921-page-cache-off-r3/A-baseline-build.json", "--output", "/query-corruption-workspace/logs/QCT-006/qct007-20260921-page-cache-off-r3/A-baseline-mysql-cache-off-c1.jsonl", "--repetitions", "200", "--warmup", "50", "--concurrency", "1", "--cases", "small_limit", "empty_scan", "full_scan"]}
{"completed": "A-baseline-mysql-cache-off-c1"}
{"utc": "2026-09-21T10:35:50.947741+00:00", "command": ["/query-corruption-workspace/tools/python/bin/python", "/query-corruption-workspace/src/tools/query_corruption/benchmark.py", "--variant", "A-baseline", "--protocol", "mysql", "--build-manifest", "/query-corruption-workspace/logs/QCT-006/qct007-20260921-page-cache-off-r3/A-baseline-build.json", "--output", "/query-corruption-workspace/logs/QCT-006/qct007-20260921-page-cache-off-r3/A-baseline-mysql-cache-off-c4.jsonl", "--repetitions", "200", "--warmup", "50", "--concurrency", "4", "--cases", "small_limit", "empty_scan", "full_scan"]}
{"completed": "A-baseline-mysql-cache-off-c4"}
{"node": "fe", "state": "stopped"}
{"node": "be2", "state": "stopped"}
{"node": "be0", "state": "stopped"}
{"node": "be1", "state": "stopped"}
{"node": "fe", "pid": 200013, "start_ticks": "18953018", "home": "/query-corruption-workspace/runtime/qct-cluster/fe", "command": ["/usr/lib/jvm/java-17-openjdk-arm64/bin/java", "-Xms512m", "-Xmx2g", "-XX:+UseG1GC", "-Dlog4j2.formatMsgNoLookups=true", "-cp", "/query-corruption-workspace/src/fe/fe-core/target/starrocks-fe.jar:/query-corruption-workspace/src/fe/fe-core/target/lib/*:/query-corruption-workspace/runtime/qct-cluster/fe/conf", "com.starrocks.StarRocksFE"], "selection": {"variant": "B-off", "source": "/query-corruption-workspace/src", "storage_page_cache": false, "selected_utc": "20260921T103616.777882Z"}}
{"node": "be0", "pid": 200014, "start_ticks": "18953018", "home": "/query-corruption-workspace/runtime/qct-cluster/be0", "command": ["/query-corruption-workspace/src/be/output/lib/starrocks_be"], "selection": {"variant": "B-off", "source": "/query-corruption-workspace/src", "storage_page_cache": false, "selected_utc": "20260921T103616.777882Z"}}
{"node": "be1", "pid": 200015, "start_ticks": "18953018", "home": "/query-corruption-workspace/runtime/qct-cluster/be1", "command": ["/query-corruption-workspace/src/be/output/lib/starrocks_be"], "selection": {"variant": "B-off", "source": "/query-corruption-workspace/src", "storage_page_cache": false, "selected_utc": "20260921T103616.777882Z"}}
{"node": "be2", "pid": 200016, "start_ticks": "18953018", "home": "/query-corruption-workspace/runtime/qct-cluster/be2", "command": ["/query-corruption-workspace/src/be/output/lib/starrocks_be"], "selection": {"variant": "B-off", "source": "/query-corruption-workspace/src", "storage_page_cache": false, "selected_utc": "20260921T103616.777882Z"}}
{"utc": "2026-09-21T10:36:25.946437+00:00", "command": ["/query-corruption-workspace/tools/python/bin/python", "/query-corruption-workspace/src/tools/query_corruption/benchmark.py", "--variant", "B-off", "--protocol", "mysql", "--build-manifest", "/query-corruption-workspace/logs/QCT-006/qct007-20260921-page-cache-off-r3/B-off-build.json", "--output", "/query-corruption-workspace/logs/QCT-006/qct007-20260921-page-cache-off-r3/B-off-mysql-cache-off-c1.jsonl", "--repetitions", "200", "--warmup", "50", "--concurrency", "1", "--cases", "small_limit", "empty_scan", "full_scan"]}
{"completed": "B-off-mysql-cache-off-c1"}
{"utc": "2026-09-21T10:36:36.912327+00:00", "command": ["/query-corruption-workspace/tools/python/bin/python", "/query-corruption-workspace/src/tools/query_corruption/benchmark.py", "--variant", "B-off", "--protocol", "mysql", "--build-manifest", "/query-corruption-workspace/logs/QCT-006/qct007-20260921-page-cache-off-r3/B-off-build.json", "--output", "/query-corruption-workspace/logs/QCT-006/qct007-20260921-page-cache-off-r3/B-off-mysql-cache-off-c4.jsonl", "--repetitions", "200", "--warmup", "50", "--concurrency", "4", "--cases", "small_limit", "empty_scan", "full_scan"]}
{"completed": "B-off-mysql-cache-off-c4"}
{"node": "fe", "state": "stopped"}
{"node": "be1", "state": "stopped"}
{"node": "be2", "state": "stopped"}
{"node": "be0", "state": "stopped"}
{"node": "fe", "pid": 201726, "start_ticks": "18957566", "home": "/query-corruption-workspace/runtime/qct-cluster/fe", "command": ["/usr/lib/jvm/java-17-openjdk-arm64/bin/java", "-Xms512m", "-Xmx2g", "-XX:+UseG1GC", "-Dlog4j2.formatMsgNoLookups=true", "-cp", "/query-corruption-workspace/src/fe/fe-core/target/starrocks-fe.jar:/query-corruption-workspace/src/fe/fe-core/target/lib/*:/query-corruption-workspace/runtime/qct-cluster/fe/conf", "com.starrocks.StarRocksFE"], "selection": {"variant": "C-on", "source": "/query-corruption-workspace/src", "storage_page_cache": false, "selected_utc": "20260921T103702.160872Z"}}
{"node": "be0", "pid": 201727, "start_ticks": "18957566", "home": "/query-corruption-workspace/runtime/qct-cluster/be0", "command": ["/query-corruption-workspace/src/be/output/lib/starrocks_be"], "selection": {"variant": "C-on", "source": "/query-corruption-workspace/src", "storage_page_cache": false, "selected_utc": "20260921T103702.160872Z"}}
{"node": "be1", "pid": 201728, "start_ticks": "18957566", "home": "/query-corruption-workspace/runtime/qct-cluster/be1", "command": ["/query-corruption-workspace/src/be/output/lib/starrocks_be"], "selection": {"variant": "C-on", "source": "/query-corruption-workspace/src", "storage_page_cache": false, "selected_utc": "20260921T103702.160872Z"}}
{"node": "be2", "pid": 201729, "start_ticks": "18957566", "home": "/query-corruption-workspace/runtime/qct-cluster/be2", "command": ["/query-corruption-workspace/src/be/output/lib/starrocks_be"], "selection": {"variant": "C-on", "source": "/query-corruption-workspace/src", "storage_page_cache": false, "selected_utc": "20260921T103702.160872Z"}}
{"utc": "2026-09-21T10:37:11.035101+00:00", "command": ["/query-corruption-workspace/tools/python/bin/python", "/query-corruption-workspace/src/tools/query_corruption/benchmark.py", "--variant", "C-on", "--protocol", "mysql", "--build-manifest", "/query-corruption-workspace/logs/QCT-006/qct007-20260921-page-cache-off-r3/C-on-build.json", "--output", "/query-corruption-workspace/logs/QCT-006/qct007-20260921-page-cache-off-r3/C-on-mysql-cache-off-c1.jsonl", "--repetitions", "200", "--warmup", "50", "--concurrency", "1", "--cases", "small_limit", "empty_scan", "full_scan"]}
{"completed": "C-on-mysql-cache-off-c1"}
{"utc": "2026-09-21T10:37:22.091158+00:00", "command": ["/query-corruption-workspace/tools/python/bin/python", "/query-corruption-workspace/src/tools/query_corruption/benchmark.py", "--variant", "C-on", "--protocol", "mysql", "--build-manifest", "/query-corruption-workspace/logs/QCT-006/qct007-20260921-page-cache-off-r3/C-on-build.json", "--output", "/query-corruption-workspace/logs/QCT-006/qct007-20260921-page-cache-off-r3/C-on-mysql-cache-off-c4.jsonl", "--repetitions", "200", "--warmup", "50", "--concurrency", "4", "--cases", "small_limit", "empty_scan", "full_scan"]}
{"completed": "C-on-mysql-cache-off-c4"}
{"node": "fe", "state": "stopped"}
{"node": "be2", "state": "stopped"}
{"node": "be1", "state": "stopped"}
{"node": "be0", "state": "stopped"}
{"node": "be1", "state": "already stopped"}
{"node": "be0", "state": "already stopped"}
{"node": "fe", "state": "already stopped"}
{"node": "be2", "state": "already stopped"}
{"node": "fe", "pid": 203441, "start_ticks": "18962230", "home": "/query-corruption-workspace/runtime/qct-cluster/fe", "command": ["/usr/lib/jvm/java-17-openjdk-arm64/bin/java", "-Xms512m", "-Xmx2g", "-XX:+UseG1GC", "-Dlog4j2.formatMsgNoLookups=true", "-cp", "/query-corruption-workspace/src/fe/fe-core/target/starrocks-fe.jar:/query-corruption-workspace/src/fe/fe-core/target/lib/*:/query-corruption-workspace/runtime/qct-cluster/fe/conf", "com.starrocks.StarRocksFE"], "selection": {"variant": "C-on", "source": "/query-corruption-workspace/src", "storage_page_cache": false, "selected_utc": "20260921T103748.803802Z"}}
{"node": "be0", "pid": 203442, "start_ticks": "18962230", "home": "/query-corruption-workspace/runtime/qct-cluster/be0", "command": ["/query-corruption-workspace/src/be/output/lib/starrocks_be"], "selection": {"variant": "C-on", "source": "/query-corruption-workspace/src", "storage_page_cache": false, "selected_utc": "20260921T103748.803802Z"}}
{"node": "be1", "pid": 203443, "start_ticks": "18962231", "home": "/query-corruption-workspace/runtime/qct-cluster/be1", "command": ["/query-corruption-workspace/src/be/output/lib/starrocks_be"], "selection": {"variant": "C-on", "source": "/query-corruption-workspace/src", "storage_page_cache": false, "selected_utc": "20260921T103748.803802Z"}}
{"node": "be2", "pid": 203444, "start_ticks": "18962231", "home": "/query-corruption-workspace/runtime/qct-cluster/be2", "command": ["/query-corruption-workspace/src/be/output/lib/starrocks_be"], "selection": {"variant": "C-on", "source": "/query-corruption-workspace/src", "storage_page_cache": false, "selected_utc": "20260921T103748.803802Z"}}
{"utc": "2026-09-21T10:37:57.723062+00:00", "command": ["/query-corruption-workspace/tools/python/bin/python", "/query-corruption-workspace/src/tools/query_corruption/benchmark.py", "--variant", "C-on", "--protocol", "mysql", "--build-manifest", "/query-corruption-workspace/logs/QCT-006/qct007-20260921-page-cache-off-r4/C-on-build.json", "--output", "/query-corruption-workspace/logs/QCT-006/qct007-20260921-page-cache-off-r4/C-on-mysql-cache-off-c1.jsonl", "--repetitions", "200", "--warmup", "50", "--concurrency", "1", "--cases", "small_limit", "empty_scan", "full_scan"]}
{"completed": "C-on-mysql-cache-off-c1"}
{"utc": "2026-09-21T10:38:09.314227+00:00", "command": ["/query-corruption-workspace/tools/python/bin/python", "/query-corruption-workspace/src/tools/query_corruption/benchmark.py", "--variant", "C-on", "--protocol", "mysql", "--build-manifest", "/query-corruption-workspace/logs/QCT-006/qct007-20260921-page-cache-off-r4/C-on-build.json", "--output", "/query-corruption-workspace/logs/QCT-006/qct007-20260921-page-cache-off-r4/C-on-mysql-cache-off-c4.jsonl", "--repetitions", "200", "--warmup", "50", "--concurrency", "4", "--cases", "small_limit", "empty_scan", "full_scan"]}
{"completed": "C-on-mysql-cache-off-c4"}
{"node": "fe", "state": "stopped"}
{"node": "be2", "state": "stopped"}
{"node": "be0", "state": "stopped"}
{"node": "be1", "state": "stopped"}
{"node": "fe", "pid": 205148, "start_ticks": "18966866", "home": "/query-corruption-workspace/runtime/qct-cluster/fe", "command": ["/usr/lib/jvm/java-17-openjdk-arm64/bin/java", "-Xms512m", "-Xmx2g", "-XX:+UseG1GC", "-Dlog4j2.formatMsgNoLookups=true", "-cp", "/query-corruption-workspace/src/fe/fe-core/target/starrocks-fe.jar:/query-corruption-workspace/src/fe/fe-core/target/lib/*:/query-corruption-workspace/runtime/qct-cluster/fe/conf", "com.starrocks.StarRocksFE"], "selection": {"variant": "B-off", "source": "/query-corruption-workspace/src", "storage_page_cache": false, "selected_utc": "20260921T103835.060610Z"}}
{"node": "be0", "pid": 205149, "start_ticks": "18966866", "home": "/query-corruption-workspace/runtime/qct-cluster/be0", "command": ["/query-corruption-workspace/src/be/output/lib/starrocks_be"], "selection": {"variant": "B-off", "source": "/query-corruption-workspace/src", "storage_page_cache": false, "selected_utc": "20260921T103835.060610Z"}}
{"node": "be1", "pid": 205150, "start_ticks": "18966867", "home": "/query-corruption-workspace/runtime/qct-cluster/be1", "command": ["/query-corruption-workspace/src/be/output/lib/starrocks_be"], "selection": {"variant": "B-off", "source": "/query-corruption-workspace/src", "storage_page_cache": false, "selected_utc": "20260921T103835.060610Z"}}
{"node": "be2", "pid": 205151, "start_ticks": "18966867", "home": "/query-corruption-workspace/runtime/qct-cluster/be2", "command": ["/query-corruption-workspace/src/be/output/lib/starrocks_be"], "selection": {"variant": "B-off", "source": "/query-corruption-workspace/src", "storage_page_cache": false, "selected_utc": "20260921T103835.060610Z"}}
{"utc": "2026-09-21T10:38:44.109999+00:00", "command": ["/query-corruption-workspace/tools/python/bin/python", "/query-corruption-workspace/src/tools/query_corruption/benchmark.py", "--variant", "B-off", "--protocol", "mysql", "--build-manifest", "/query-corruption-workspace/logs/QCT-006/qct007-20260921-page-cache-off-r4/B-off-build.json", "--output", "/query-corruption-workspace/logs/QCT-006/qct007-20260921-page-cache-off-r4/B-off-mysql-cache-off-c1.jsonl", "--repetitions", "200", "--warmup", "50", "--concurrency", "1", "--cases", "small_limit", "empty_scan", "full_scan"]}
{"completed": "B-off-mysql-cache-off-c1"}
{"utc": "2026-09-21T10:38:55.085119+00:00", "command": ["/query-corruption-workspace/tools/python/bin/python", "/query-corruption-workspace/src/tools/query_corruption/benchmark.py", "--variant", "B-off", "--protocol", "mysql", "--build-manifest", "/query-corruption-workspace/logs/QCT-006/qct007-20260921-page-cache-off-r4/B-off-build.json", "--output", "/query-corruption-workspace/logs/QCT-006/qct007-20260921-page-cache-off-r4/B-off-mysql-cache-off-c4.jsonl", "--repetitions", "200", "--warmup", "50", "--concurrency", "4", "--cases", "small_limit", "empty_scan", "full_scan"]}
{"completed": "B-off-mysql-cache-off-c4"}
{"node": "fe", "state": "stopped"}
{"node": "be1", "state": "stopped"}
{"node": "be0", "state": "stopped"}
{"node": "be2", "state": "stopped"}
{"node": "fe", "pid": 206868, "start_ticks": "18971410", "home": "/query-corruption-workspace/runtime/qct-cluster/fe", "command": ["/usr/lib/jvm/java-17-openjdk-arm64/bin/java", "-Xms512m", "-Xmx2g", "-XX:+UseG1GC", "-Dlog4j2.formatMsgNoLookups=true", "-cp", "/query-corruption-workspace/baseline-src/fe/fe-core/target/starrocks-fe.jar:/query-corruption-workspace/baseline-src/fe/fe-core/target/lib/*:/query-corruption-workspace/runtime/qct-cluster/fe/conf", "com.starrocks.StarRocksFE"], "selection": {"variant": "A-baseline", "source": "/query-corruption-workspace/baseline-src", "storage_page_cache": false, "selected_utc": "20260921T103920.374509Z"}}
{"node": "be0", "pid": 206869, "start_ticks": "18971410", "home": "/query-corruption-workspace/runtime/qct-cluster/be0", "command": ["/query-corruption-workspace/baseline-src/be/output/lib/starrocks_be"], "selection": {"variant": "A-baseline", "source": "/query-corruption-workspace/baseline-src", "storage_page_cache": false, "selected_utc": "20260921T103920.374509Z"}}
{"node": "be1", "pid": 206870, "start_ticks": "18971411", "home": "/query-corruption-workspace/runtime/qct-cluster/be1", "command": ["/query-corruption-workspace/baseline-src/be/output/lib/starrocks_be"], "selection": {"variant": "A-baseline", "source": "/query-corruption-workspace/baseline-src", "storage_page_cache": false, "selected_utc": "20260921T103920.374509Z"}}
{"node": "be2", "pid": 206871, "start_ticks": "18971411", "home": "/query-corruption-workspace/runtime/qct-cluster/be2", "command": ["/query-corruption-workspace/baseline-src/be/output/lib/starrocks_be"], "selection": {"variant": "A-baseline", "source": "/query-corruption-workspace/baseline-src", "storage_page_cache": false, "selected_utc": "20260921T103920.374509Z"}}
{"utc": "2026-09-21T10:39:29.187789+00:00", "command": ["/query-corruption-workspace/tools/python/bin/python", "/query-corruption-workspace/src/tools/query_corruption/benchmark.py", "--variant", "A-baseline", "--protocol", "mysql", "--build-manifest", "/query-corruption-workspace/logs/QCT-006/qct007-20260921-page-cache-off-r4/A-baseline-build.json", "--output", "/query-corruption-workspace/logs/QCT-006/qct007-20260921-page-cache-off-r4/A-baseline-mysql-cache-off-c1.jsonl", "--repetitions", "200", "--warmup", "50", "--concurrency", "1", "--cases", "small_limit", "empty_scan", "full_scan"]}
{"completed": "A-baseline-mysql-cache-off-c1"}
{"utc": "2026-09-21T10:39:40.329177+00:00", "command": ["/query-corruption-workspace/tools/python/bin/python", "/query-corruption-workspace/src/tools/query_corruption/benchmark.py", "--variant", "A-baseline", "--protocol", "mysql", "--build-manifest", "/query-corruption-workspace/logs/QCT-006/qct007-20260921-page-cache-off-r4/A-baseline-build.json", "--output", "/query-corruption-workspace/logs/QCT-006/qct007-20260921-page-cache-off-r4/A-baseline-mysql-cache-off-c4.jsonl", "--repetitions", "200", "--warmup", "50", "--concurrency", "4", "--cases", "small_limit", "empty_scan", "full_scan"]}
{"completed": "A-baseline-mysql-cache-off-c4"}
{"node": "fe", "state": "stopped"}
{"node": "be1", "state": "stopped"}
{"node": "be2", "state": "stopped"}
{"node": "be0", "state": "stopped"}
Mon Sep 21 10:40:06 AM UTC 2026
