{"utc": "2026-09-22T07:49:34.933185+00:00", "event": "run_start", "number": 1, "total": 8, "name": "pair-1-pos-1-threads", "variant": "A-baseline", "client_mode": "threads", "block": 1, "position": 1}
{"node": "fe", "state": "already stopped"}
{"node": "be2", "state": "already stopped"}
{"node": "be1", "state": "already stopped"}
{"node": "be0", "state": "already stopped"}
{"node": "fe", "pid": 252897, "start_ticks": "26460852", "home": "/query-corruption-workspace/runtime/qct-cluster/fe", "command": ["/usr/lib/jvm/java-17-openjdk-arm64/bin/java", "-Xms512m", "-Xmx2g", "-XX:+UseG1GC", "-Dlog4j2.formatMsgNoLookups=true", "-cp", "/query-corruption-workspace/baseline-src/fe/fe-core/target/starrocks-fe.jar:/query-corruption-workspace/baseline-src/fe/fe-core/target/lib/*:/query-corruption-workspace/runtime/qct-cluster/fe/conf", "com.starrocks.StarRocksFE"], "selection": {"variant": "A-baseline", "source": "/query-corruption-workspace/baseline-src", "storage_page_cache": true, "selected_utc": "20260922T074934.963258Z"}}
{"node": "be0", "pid": 252898, "start_ticks": "26460853", "home": "/query-corruption-workspace/runtime/qct-cluster/be0", "command": ["/query-corruption-workspace/baseline-src/be/output/lib/starrocks_be"], "selection": {"variant": "A-baseline", "source": "/query-corruption-workspace/baseline-src", "storage_page_cache": true, "selected_utc": "20260922T074934.963258Z"}}
{"node": "be1", "pid": 252899, "start_ticks": "26460853", "home": "/query-corruption-workspace/runtime/qct-cluster/be1", "command": ["/query-corruption-workspace/baseline-src/be/output/lib/starrocks_be"], "selection": {"variant": "A-baseline", "source": "/query-corruption-workspace/baseline-src", "storage_page_cache": true, "selected_utc": "20260922T074934.963258Z"}}
{"node": "be2", "pid": 252900, "start_ticks": "26460853", "home": "/query-corruption-workspace/runtime/qct-cluster/be2", "command": ["/query-corruption-workspace/baseline-src/be/output/lib/starrocks_be"], "selection": {"variant": "A-baseline", "source": "/query-corruption-workspace/baseline-src", "storage_page_cache": true, "selected_utc": "20260922T074934.963258Z"}}
{"utc": "2026-09-22T07:53:00.423536+00:00", "event": "run_complete", "number": 1, "total": 8, "name": "pair-1-pos-1-threads", "variant": "A-baseline", "client_mode": "threads", "block": 1, "position": 1, "qps": 84.50572437008648, "measured": {"detail_page": {"samples": 10000, "warnings": 0, "first_row_ms": {"mean": 18.7095826149, "median": 18.189996, "p95": 26.983458, "p99": 34.933853, "min": 9.819512, "max": 168.87217}, "complete_ms": {"mean": 47.1969921702, "median": 42.874087, "p95": 85.35969, "p99": 96.749016, "min": 13.921946, "max": 241.325175}, "after_first_ms": {"p50": 24.622194999999998, "p95": 63.690068999999994, "p99": 72.807844}}}, "warmup_samples": 4967}
{"node": "fe", "state": "stopped"}
{"node": "be1", "state": "stopped"}
{"node": "be2", "state": "stopped"}
{"node": "be0", "state": "stopped"}
{"utc": "2026-09-22T07:53:08.572968+00:00", "event": "run_start", "number": 2, "total": 8, "name": "pair-1-pos-2-processes", "variant": "A-baseline", "client_mode": "processes", "block": 1, "position": 2}
{"node": "fe", "state": "already stopped"}
{"node": "be0", "state": "already stopped"}
{"node": "be2", "state": "already stopped"}
{"node": "be1", "state": "already stopped"}
{"node": "fe", "pid": 254689, "start_ticks": "26482458", "home": "/query-corruption-workspace/runtime/qct-cluster/fe", "command": ["/usr/lib/jvm/java-17-openjdk-arm64/bin/java", "-Xms512m", "-Xmx2g", "-XX:+UseG1GC", "-Dlog4j2.formatMsgNoLookups=true", "-cp", "/query-corruption-workspace/baseline-src/fe/fe-core/target/starrocks-fe.jar:/query-corruption-workspace/baseline-src/fe/fe-core/target/lib/*:/query-corruption-workspace/runtime/qct-cluster/fe/conf", "com.starrocks.StarRocksFE"], "selection": {"variant": "A-baseline", "source": "/query-corruption-workspace/baseline-src", "storage_page_cache": true, "selected_utc": "20260922T075308.605753Z"}}
{"node": "be0", "pid": 254690, "start_ticks": "26482458", "home": "/query-corruption-workspace/runtime/qct-cluster/be0", "command": ["/query-corruption-workspace/baseline-src/be/output/lib/starrocks_be"], "selection": {"variant": "A-baseline", "source": "/query-corruption-workspace/baseline-src", "storage_page_cache": true, "selected_utc": "20260922T075308.605753Z"}}
{"node": "be1", "pid": 254691, "start_ticks": "26482458", "home": "/query-corruption-workspace/runtime/qct-cluster/be1", "command": ["/query-corruption-workspace/baseline-src/be/output/lib/starrocks_be"], "selection": {"variant": "A-baseline", "source": "/query-corruption-workspace/baseline-src", "storage_page_cache": true, "selected_utc": "20260922T075308.605753Z"}}
{"node": "be2", "pid": 254692, "start_ticks": "26482459", "home": "/query-corruption-workspace/runtime/qct-cluster/be2", "command": ["/query-corruption-workspace/baseline-src/be/output/lib/starrocks_be"], "selection": {"variant": "A-baseline", "source": "/query-corruption-workspace/baseline-src", "storage_page_cache": true, "selected_utc": "20260922T075308.605753Z"}}
{"utc": "2026-09-22T07:55:37.514910+00:00", "event": "run_complete", "number": 2, "total": 8, "name": "pair-1-pos-2-processes", "variant": "A-baseline", "client_mode": "processes", "block": 1, "position": 2, "qps": 153.33697088086976, "measured": {"detail_page": {"samples": 10000, "warnings": 0, "first_row_ms": {"mean": 21.1038011893, "median": 20.304019, "p95": 29.571709, "p99": 41.822919, "min": 9.335493, "max": 170.776888}, "complete_ms": {"mean": 25.9346057175, "median": 24.843031, "p95": 35.401025, "p99": 51.274041, "min": 12.794377, "max": 221.006505}, "after_first_ms": {"p50": 4.103568999999997, "p95": 7.869347000000001, "p99": 13.293861}}}, "warmup_samples": 8207}
{"node": "fe", "state": "stopped"}
{"node": "be0", "state": "stopped"}
{"node": "be1", "state": "stopped"}
{"node": "be2", "state": "stopped"}
{"utc": "2026-09-22T07:55:46.572083+00:00", "event": "run_start", "number": 3, "total": 8, "name": "pair-2-pos-1-processes", "variant": "A-baseline", "client_mode": "processes", "block": 2, "position": 1}
{"node": "be1", "state": "already stopped"}
{"node": "be2", "state": "already stopped"}
{"node": "be0", "state": "already stopped"}
{"node": "fe", "state": "already stopped"}
{"node": "fe", "pid": 256454, "start_ticks": "26498418", "home": "/query-corruption-workspace/runtime/qct-cluster/fe", "command": ["/usr/lib/jvm/java-17-openjdk-arm64/bin/java", "-Xms512m", "-Xmx2g", "-XX:+UseG1GC", "-Dlog4j2.formatMsgNoLookups=true", "-cp", "/query-corruption-workspace/baseline-src/fe/fe-core/target/starrocks-fe.jar:/query-corruption-workspace/baseline-src/fe/fe-core/target/lib/*:/query-corruption-workspace/runtime/qct-cluster/fe/conf", "com.starrocks.StarRocksFE"], "selection": {"variant": "A-baseline", "source": "/query-corruption-workspace/baseline-src", "storage_page_cache": true, "selected_utc": "20260922T075546.604349Z"}}
{"node": "be0", "pid": 256455, "start_ticks": "26498418", "home": "/query-corruption-workspace/runtime/qct-cluster/be0", "command": ["/query-corruption-workspace/baseline-src/be/output/lib/starrocks_be"], "selection": {"variant": "A-baseline", "source": "/query-corruption-workspace/baseline-src", "storage_page_cache": true, "selected_utc": "20260922T075546.604349Z"}}
{"node": "be1", "pid": 256456, "start_ticks": "26498418", "home": "/query-corruption-workspace/runtime/qct-cluster/be1", "command": ["/query-corruption-workspace/baseline-src/be/output/lib/starrocks_be"], "selection": {"variant": "A-baseline", "source": "/query-corruption-workspace/baseline-src", "storage_page_cache": true, "selected_utc": "20260922T075546.604349Z"}}
{"node": "be2", "pid": 256457, "start_ticks": "26498418", "home": "/query-corruption-workspace/runtime/qct-cluster/be2", "command": ["/query-corruption-workspace/baseline-src/be/output/lib/starrocks_be"], "selection": {"variant": "A-baseline", "source": "/query-corruption-workspace/baseline-src", "storage_page_cache": true, "selected_utc": "20260922T075546.604349Z"}}
{"utc": "2026-09-22T07:58:16.022727+00:00", "event": "run_complete", "number": 3, "total": 8, "name": "pair-2-pos-1-processes", "variant": "A-baseline", "client_mode": "processes", "block": 2, "position": 1, "qps": 152.28619374317944, "measured": {"detail_page": {"samples": 10000, "warnings": 0, "first_row_ms": {"mean": 21.3524105276, "median": 20.687234500000002, "p95": 30.181748, "p99": 39.664083, "min": 9.915471, "max": 109.525546}, "complete_ms": {"mean": 26.1407272262, "median": 25.3465515, "p95": 35.733435, "p99": 46.499321, "min": 13.490405, "max": 120.602766}, "after_first_ms": {"p50": 4.169359, "p95": 7.815780999999998, "p99": 10.289099999999998}}}, "warmup_samples": 8114}
{"node": "fe", "state": "stopped"}
{"node": "be1", "state": "stopped"}
{"node": "be0", "state": "stopped"}
{"node": "be2", "state": "stopped"}
{"utc": "2026-09-22T07:58:25.824456+00:00", "event": "run_start", "number": 4, "total": 8, "name": "pair-2-pos-2-threads", "variant": "A-baseline", "client_mode": "threads", "block": 2, "position": 2}
{"node": "fe", "state": "already stopped"}
{"node": "be2", "state": "already stopped"}
{"node": "be1", "state": "already stopped"}
{"node": "be0", "state": "already stopped"}
{"node": "fe", "pid": 258225, "start_ticks": "26514481", "home": "/query-corruption-workspace/runtime/qct-cluster/fe", "command": ["/usr/lib/jvm/java-17-openjdk-arm64/bin/java", "-Xms512m", "-Xmx2g", "-XX:+UseG1GC", "-Dlog4j2.formatMsgNoLookups=true", "-cp", "/query-corruption-workspace/baseline-src/fe/fe-core/target/starrocks-fe.jar:/query-corruption-workspace/baseline-src/fe/fe-core/target/lib/*:/query-corruption-workspace/runtime/qct-cluster/fe/conf", "com.starrocks.StarRocksFE"], "selection": {"variant": "A-baseline", "source": "/query-corruption-workspace/baseline-src", "storage_page_cache": true, "selected_utc": "20260922T075825.854776Z"}}
{"node": "be0", "pid": 258226, "start_ticks": "26514481", "home": "/query-corruption-workspace/runtime/qct-cluster/be0", "command": ["/query-corruption-workspace/baseline-src/be/output/lib/starrocks_be"], "selection": {"variant": "A-baseline", "source": "/query-corruption-workspace/baseline-src", "storage_page_cache": true, "selected_utc": "20260922T075825.854776Z"}}
{"node": "be1", "pid": 258227, "start_ticks": "26514482", "home": "/query-corruption-workspace/runtime/qct-cluster/be1", "command": ["/query-corruption-workspace/baseline-src/be/output/lib/starrocks_be"], "selection": {"variant": "A-baseline", "source": "/query-corruption-workspace/baseline-src", "storage_page_cache": true, "selected_utc": "20260922T075825.854776Z"}}
{"node": "be2", "pid": 258228, "start_ticks": "26514482", "home": "/query-corruption-workspace/runtime/qct-cluster/be2", "command": ["/query-corruption-workspace/baseline-src/be/output/lib/starrocks_be"], "selection": {"variant": "A-baseline", "source": "/query-corruption-workspace/baseline-src", "storage_page_cache": true, "selected_utc": "20260922T075825.854776Z"}}
{"utc": "2026-09-22T08:01:43.054190+00:00", "event": "run_complete", "number": 4, "total": 8, "name": "pair-2-pos-2-threads", "variant": "A-baseline", "client_mode": "threads", "block": 2, "position": 2, "qps": 88.02382346853484, "measured": {"detail_page": {"samples": 10000, "warnings": 0, "first_row_ms": {"mean": 19.2017736147, "median": 18.550373999999998, "p95": 28.278216, "p99": 36.559052, "min": 9.794863, "max": 250.381682}, "complete_ms": {"mean": 45.3265231496, "median": 39.200458, "p95": 83.270769, "p99": 94.10307, "min": 13.479713, "max": 260.892612}, "after_first_ms": {"p50": 19.770255, "p95": 61.161544000000006, "p99": 69.99385900000001}}}, "warmup_samples": 5081}
{"node": "fe", "state": "stopped"}
{"node": "be1", "state": "stopped"}
{"node": "be2", "state": "stopped"}
{"node": "be0", "state": "stopped"}
{"utc": "2026-09-22T08:01:52.113285+00:00", "event": "run_start", "number": 5, "total": 8, "name": "pair-3-pos-1-processes", "variant": "A-baseline", "client_mode": "processes", "block": 3, "position": 1}
{"node": "be2", "state": "already stopped"}
{"node": "be0", "state": "already stopped"}
{"node": "fe", "state": "already stopped"}
{"node": "be1", "state": "already stopped"}
{"node": "fe", "pid": 259997, "start_ticks": "26535343", "home": "/query-corruption-workspace/runtime/qct-cluster/fe", "command": ["/usr/lib/jvm/java-17-openjdk-arm64/bin/java", "-Xms512m", "-Xmx2g", "-XX:+UseG1GC", "-Dlog4j2.formatMsgNoLookups=true", "-cp", "/query-corruption-workspace/baseline-src/fe/fe-core/target/starrocks-fe.jar:/query-corruption-workspace/baseline-src/fe/fe-core/target/lib/*:/query-corruption-workspace/runtime/qct-cluster/fe/conf", "com.starrocks.StarRocksFE"], "selection": {"variant": "A-baseline", "source": "/query-corruption-workspace/baseline-src", "storage_page_cache": true, "selected_utc": "20260922T080152.151193Z"}}
{"node": "be0", "pid": 259998, "start_ticks": "26535343", "home": "/query-corruption-workspace/runtime/qct-cluster/be0", "command": ["/query-corruption-workspace/baseline-src/be/output/lib/starrocks_be"], "selection": {"variant": "A-baseline", "source": "/query-corruption-workspace/baseline-src", "storage_page_cache": true, "selected_utc": "20260922T080152.151193Z"}}
{"node": "be1", "pid": 259999, "start_ticks": "26535343", "home": "/query-corruption-workspace/runtime/qct-cluster/be1", "command": ["/query-corruption-workspace/baseline-src/be/output/lib/starrocks_be"], "selection": {"variant": "A-baseline", "source": "/query-corruption-workspace/baseline-src", "storage_page_cache": true, "selected_utc": "20260922T080152.151193Z"}}
{"node": "be2", "pid": 260000, "start_ticks": "26535344", "home": "/query-corruption-workspace/runtime/qct-cluster/be2", "command": ["/query-corruption-workspace/baseline-src/be/output/lib/starrocks_be"], "selection": {"variant": "A-baseline", "source": "/query-corruption-workspace/baseline-src", "storage_page_cache": true, "selected_utc": "20260922T080152.151193Z"}}
{"utc": "2026-09-22T08:04:22.159181+00:00", "event": "run_complete", "number": 5, "total": 8, "name": "pair-3-pos-1-processes", "variant": "A-baseline", "client_mode": "processes", "block": 3, "position": 1, "qps": 151.7856616399417, "measured": {"detail_page": {"samples": 10000, "warnings": 0, "first_row_ms": {"mean": 21.3826878896, "median": 20.661679499999998, "p95": 30.362882, "p99": 40.931858, "min": 9.859121, "max": 118.748828}, "complete_ms": {"mean": 26.2517690473, "median": 25.312386500000002, "p95": 36.189398, "p99": 47.013054, "min": 13.670952, "max": 130.020964}, "after_first_ms": {"p50": 4.231918, "p95": 8.024490000000004, "p99": 11.078692999999998}}}, "warmup_samples": 7939}
{"node": "fe", "state": "stopped"}
{"node": "be2", "state": "stopped"}
{"node": "be1", "state": "stopped"}
{"node": "be0", "state": "stopped"}
{"utc": "2026-09-22T08:04:31.008034+00:00", "event": "run_start", "number": 6, "total": 8, "name": "pair-3-pos-2-threads", "variant": "A-baseline", "client_mode": "threads", "block": 3, "position": 2}
{"node": "fe", "state": "already stopped"}
{"node": "be0", "state": "already stopped"}
{"node": "be1", "state": "already stopped"}
{"node": "be2", "state": "already stopped"}
{"node": "fe", "pid": 261761, "start_ticks": "26551397", "home": "/query-corruption-workspace/runtime/qct-cluster/fe", "command": ["/usr/lib/jvm/java-17-openjdk-arm64/bin/java", "-Xms512m", "-Xmx2g", "-XX:+UseG1GC", "-Dlog4j2.formatMsgNoLookups=true", "-cp", "/query-corruption-workspace/baseline-src/fe/fe-core/target/starrocks-fe.jar:/query-corruption-workspace/baseline-src/fe/fe-core/target/lib/*:/query-corruption-workspace/runtime/qct-cluster/fe/conf", "com.starrocks.StarRocksFE"], "selection": {"variant": "A-baseline", "source": "/query-corruption-workspace/baseline-src", "storage_page_cache": true, "selected_utc": "20260922T080431.059200Z"}}
{"node": "be0", "pid": 261762, "start_ticks": "26551397", "home": "/query-corruption-workspace/runtime/qct-cluster/be0", "command": ["/query-corruption-workspace/baseline-src/be/output/lib/starrocks_be"], "selection": {"variant": "A-baseline", "source": "/query-corruption-workspace/baseline-src", "storage_page_cache": true, "selected_utc": "20260922T080431.059200Z"}}
{"node": "be1", "pid": 261763, "start_ticks": "26551397", "home": "/query-corruption-workspace/runtime/qct-cluster/be1", "command": ["/query-corruption-workspace/baseline-src/be/output/lib/starrocks_be"], "selection": {"variant": "A-baseline", "source": "/query-corruption-workspace/baseline-src", "storage_page_cache": true, "selected_utc": "20260922T080431.059200Z"}}
{"node": "be2", "pid": 261764, "start_ticks": "26551398", "home": "/query-corruption-workspace/runtime/qct-cluster/be2", "command": ["/query-corruption-workspace/baseline-src/be/output/lib/starrocks_be"], "selection": {"variant": "A-baseline", "source": "/query-corruption-workspace/baseline-src", "storage_page_cache": true, "selected_utc": "20260922T080431.059200Z"}}
{"utc": "2026-09-22T08:07:54.758973+00:00", "event": "run_complete", "number": 6, "total": 8, "name": "pair-3-pos-2-threads", "variant": "A-baseline", "client_mode": "threads", "block": 3, "position": 2, "qps": 84.37175155692067, "measured": {"detail_page": {"samples": 10000, "warnings": 0, "first_row_ms": {"mean": 19.7990122315, "median": 18.784048, "p95": 29.802151, "p99": 43.662034, "min": 9.320123, "max": 290.518758}, "complete_ms": {"mean": 47.3025937513, "median": 42.4195015, "p95": 86.139858, "p99": 109.599981, "min": 13.686801, "max": 361.356254}, "after_first_ms": {"p50": 22.797191, "p95": 62.429052999999996, "p99": 74.47892999999999}}}, "warmup_samples": 4700}
{"node": "fe", "state": "stopped"}
{"node": "be1", "state": "stopped"}
{"node": "be2", "state": "stopped"}
{"node": "be0", "state": "stopped"}
{"utc": "2026-09-22T08:08:04.529903+00:00", "event": "run_start", "number": 7, "total": 8, "name": "pair-4-pos-1-threads", "variant": "A-baseline", "client_mode": "threads", "block": 4, "position": 1}
{"node": "fe", "state": "already stopped"}
{"node": "be0", "state": "already stopped"}
{"node": "be1", "state": "already stopped"}
{"node": "be2", "state": "already stopped"}
{"node": "fe", "pid": 263542, "start_ticks": "26572963", "home": "/query-corruption-workspace/runtime/qct-cluster/fe", "command": ["/usr/lib/jvm/java-17-openjdk-arm64/bin/java", "-Xms512m", "-Xmx2g", "-XX:+UseG1GC", "-Dlog4j2.formatMsgNoLookups=true", "-cp", "/query-corruption-workspace/baseline-src/fe/fe-core/target/starrocks-fe.jar:/query-corruption-workspace/baseline-src/fe/fe-core/target/lib/*:/query-corruption-workspace/runtime/qct-cluster/fe/conf", "com.starrocks.StarRocksFE"], "selection": {"variant": "A-baseline", "source": "/query-corruption-workspace/baseline-src", "storage_page_cache": true, "selected_utc": "20260922T080804.564074Z"}}
{"node": "be0", "pid": 263543, "start_ticks": "26572963", "home": "/query-corruption-workspace/runtime/qct-cluster/be0", "command": ["/query-corruption-workspace/baseline-src/be/output/lib/starrocks_be"], "selection": {"variant": "A-baseline", "source": "/query-corruption-workspace/baseline-src", "storage_page_cache": true, "selected_utc": "20260922T080804.564074Z"}}
{"node": "be1", "pid": 263544, "start_ticks": "26572963", "home": "/query-corruption-workspace/runtime/qct-cluster/be1", "command": ["/query-corruption-workspace/baseline-src/be/output/lib/starrocks_be"], "selection": {"variant": "A-baseline", "source": "/query-corruption-workspace/baseline-src", "storage_page_cache": true, "selected_utc": "20260922T080804.564074Z"}}
{"node": "be2", "pid": 263545, "start_ticks": "26572964", "home": "/query-corruption-workspace/runtime/qct-cluster/be2", "command": ["/query-corruption-workspace/baseline-src/be/output/lib/starrocks_be"], "selection": {"variant": "A-baseline", "source": "/query-corruption-workspace/baseline-src", "storage_page_cache": true, "selected_utc": "20260922T080804.564074Z"}}
{"utc": "2026-09-22T08:11:22.526790+00:00", "event": "run_complete", "number": 7, "total": 8, "name": "pair-4-pos-1-threads", "variant": "A-baseline", "client_mode": "threads", "block": 4, "position": 1, "qps": 87.9716167305342, "measured": {"detail_page": {"samples": 10000, "warnings": 0, "first_row_ms": {"mean": 19.501121135, "median": 18.6968745, "p95": 29.257684, "p99": 38.877016, "min": 9.417098, "max": 271.00442}, "complete_ms": {"mean": 45.3260739768, "median": 40.8930055, "p95": 81.07113, "p99": 100.97756, "min": 13.015376, "max": 334.061699}, "after_first_ms": {"p50": 21.302173999999997, "p95": 58.516888, "p99": 71.510755}}}, "warmup_samples": 5250}
{"node": "fe", "state": "stopped"}
{"node": "be0", "state": "stopped"}
{"node": "be2", "state": "stopped"}
{"node": "be1", "state": "stopped"}
{"utc": "2026-09-22T08:11:31.822816+00:00", "event": "run_start", "number": 8, "total": 8, "name": "pair-4-pos-2-processes", "variant": "A-baseline", "client_mode": "processes", "block": 4, "position": 2}
{"node": "be0", "state": "already stopped"}
{"node": "be1", "state": "already stopped"}
{"node": "fe", "state": "already stopped"}
{"node": "be2", "state": "already stopped"}
{"node": "fe", "pid": 265301, "start_ticks": "26593928", "home": "/query-corruption-workspace/runtime/qct-cluster/fe", "command": ["/usr/lib/jvm/java-17-openjdk-arm64/bin/java", "-Xms512m", "-Xmx2g", "-XX:+UseG1GC", "-Dlog4j2.formatMsgNoLookups=true", "-cp", "/query-corruption-workspace/baseline-src/fe/fe-core/target/starrocks-fe.jar:/query-corruption-workspace/baseline-src/fe/fe-core/target/lib/*:/query-corruption-workspace/runtime/qct-cluster/fe/conf", "com.starrocks.StarRocksFE"], "selection": {"variant": "A-baseline", "source": "/query-corruption-workspace/baseline-src", "storage_page_cache": true, "selected_utc": "20260922T081131.866159Z"}}
{"node": "be0", "pid": 265302, "start_ticks": "26593928", "home": "/query-corruption-workspace/runtime/qct-cluster/be0", "command": ["/query-corruption-workspace/baseline-src/be/output/lib/starrocks_be"], "selection": {"variant": "A-baseline", "source": "/query-corruption-workspace/baseline-src", "storage_page_cache": true, "selected_utc": "20260922T081131.866159Z"}}
{"node": "be1", "pid": 265303, "start_ticks": "26593928", "home": "/query-corruption-workspace/runtime/qct-cluster/be1", "command": ["/query-corruption-workspace/baseline-src/be/output/lib/starrocks_be"], "selection": {"variant": "A-baseline", "source": "/query-corruption-workspace/baseline-src", "storage_page_cache": true, "selected_utc": "20260922T081131.866159Z"}}
{"node": "be2", "pid": 265304, "start_ticks": "26593929", "home": "/query-corruption-workspace/runtime/qct-cluster/be2", "command": ["/query-corruption-workspace/baseline-src/be/output/lib/starrocks_be"], "selection": {"variant": "A-baseline", "source": "/query-corruption-workspace/baseline-src", "storage_page_cache": true, "selected_utc": "20260922T081131.866159Z"}}
{"utc": "2026-09-22T08:14:07.454474+00:00", "event": "run_complete", "number": 8, "total": 8, "name": "pair-4-pos-2-processes", "variant": "A-baseline", "client_mode": "processes", "block": 4, "position": 2, "qps": 142.96239459248565, "measured": {"detail_page": {"samples": 10000, "warnings": 0, "first_row_ms": {"mean": 22.8121967883, "median": 21.4915905, "p95": 33.348249, "p99": 48.378193, "min": 10.800248, "max": 263.206242}, "complete_ms": {"mean": 27.9039731856, "median": 26.321271, "p95": 39.703211, "p99": 57.735179, "min": 14.710833, "max": 272.911893}, "after_first_ms": {"p50": 4.341301999999999, "p95": 8.483441, "p99": 12.524470999999998}}}, "warmup_samples": 7750}
{"node": "fe", "state": "stopped"}
{"node": "be1", "state": "stopped"}
{"node": "be2", "state": "stopped"}
{"node": "be0", "state": "stopped"}
{"utc": "2026-09-22T08:14:15.736754+00:00", "event": "suite_complete", "groups": 8, "samples": 80000}
{"node": "be0", "state": "already stopped"}
{"node": "be1", "state": "already stopped"}
{"node": "be2", "state": "already stopped"}
{"node": "fe", "state": "already stopped"}
