starrocks-query-corruption-4.0-build
sr-query-corruption-client-perf-arm64
ab72b0a021bc9f0012572983d5324beb1552a9fcb4e3ed1854a544fcf3269883
{"event": "run_start", "number": 1, "total": 22, "name": "control-1-pos-1-threads", "variant": "A-baseline", "client_mode": "threads", "block": 1, "position": 1, "phase": "client"}
{"node": "fe", "pid": 267103, "start_ticks": "26617178", "home": "/query-corruption-workspace/runtime/qct-cluster/fe", "command": ["/usr/lib/jvm/java-17-openjdk-arm64/bin/java", "-Xms512m", "-Xmx2g", "-XX:+UseG1GC", "-Dlog4j2.formatMsgNoLookups=true", "-cp", "/query-corruption-workspace/baseline-src/fe/fe-core/target/starrocks-fe.jar:/query-corruption-workspace/baseline-src/fe/fe-core/target/lib/*:/query-corruption-workspace/runtime/qct-cluster/fe/conf", "com.starrocks.StarRocksFE"], "selection": {"variant": "A-baseline", "source": "/query-corruption-workspace/baseline-src", "storage_page_cache": true, "selected_utc": "20260922T081522.112183Z"}}
{"node": "be0", "pid": 267104, "start_ticks": "26617179", "home": "/query-corruption-workspace/runtime/qct-cluster/be0", "command": ["/query-corruption-workspace/baseline-src/be/output/lib/starrocks_be"], "selection": {"variant": "A-baseline", "source": "/query-corruption-workspace/baseline-src", "storage_page_cache": true, "selected_utc": "20260922T081522.112183Z"}}
{"node": "be1", "pid": 267105, "start_ticks": "26617179", "home": "/query-corruption-workspace/runtime/qct-cluster/be1", "command": ["/query-corruption-workspace/baseline-src/be/output/lib/starrocks_be"], "selection": {"variant": "A-baseline", "source": "/query-corruption-workspace/baseline-src", "storage_page_cache": true, "selected_utc": "20260922T081522.112183Z"}}
{"node": "be2", "pid": 267106, "start_ticks": "26617179", "home": "/query-corruption-workspace/runtime/qct-cluster/be2", "command": ["/query-corruption-workspace/baseline-src/be/output/lib/starrocks_be"], "selection": {"variant": "A-baseline", "source": "/query-corruption-workspace/baseline-src", "storage_page_cache": true, "selected_utc": "20260922T081522.112183Z"}}
{"event": "split_preflight", "server_cpu_max": "600000 100000", "server_cpuset": "0-5", "client_cpu_max": "200000 100000", "client_cpuset": "6-7", "adapter_sha256": "ab48e0560fcab386071e04814e2c9329dac107f353b21bc116b6c3297d4cd5df"}
{"utc": "2026-09-22T08:15:49.304997+00:00", "event": "warmup_start", "client_mode": "threads"}
{"utc": "2026-09-22T08:16:48.834847+00:00", "event": "measurement_start", "client_mode": "threads", "worker_pids": [268715, 268715, 268715, 268715]}
{"utc": "2026-09-22T08:18:20.892382+00:00", "event": "client_complete", "qps": 108.01466338502406, "measured": {"detail_page": {"samples": 10000, "warnings": 0, "first_row_ms": {"mean": 20.2638262892, "median": 20.131306, "p95": 29.217312, "p99": 34.465907, "min": 9.701881, "max": 238.175943}, "complete_ms": {"mean": 36.902225109, "median": 35.797666500000005, "p95": 57.161196, "p99": 65.520401, "min": 13.720836, "max": 309.155401}, "after_first_ms": {"p50": 16.664927, "p95": 31.785662, "p99": 36.64967899999999}}}}
{"event": "run_complete", "number": 1, "name": "control-1-pos-1-threads", "variant": "A-baseline", "client_mode": "threads", "block": 1, "position": 1, "phase": "client", "qps": 108.01466338502406, "measured": {"detail_page": {"samples": 10000, "warnings": 0, "first_row_ms": {"mean": 20.2638262892, "median": 20.131306, "p95": 29.217312, "p99": 34.465907, "min": 9.701881, "max": 238.175943}, "complete_ms": {"mean": 36.902225109, "median": 35.797666500000005, "p95": 57.161196, "p99": 65.520401, "min": 13.720836, "max": 309.155401}, "after_first_ms": {"p50": 16.664927, "p95": 31.785662, "p99": 36.64967899999999}}}, "warmup_samples": 5745}
{"node": "fe", "state": "stopped"}
{"node": "be0", "state": "stopped"}
{"node": "be2", "state": "stopped"}
{"node": "be1", "state": "stopped"}
{"event": "run_start", "number": 2, "total": 22, "name": "control-1-pos-2-processes", "variant": "A-baseline", "client_mode": "processes", "block": 1, "position": 2, "phase": "client"}
{"node": "fe", "pid": 268885, "start_ticks": "26636164", "home": "/query-corruption-workspace/runtime/qct-cluster/fe", "command": ["/usr/lib/jvm/java-17-openjdk-arm64/bin/java", "-Xms512m", "-Xmx2g", "-XX:+UseG1GC", "-Dlog4j2.formatMsgNoLookups=true", "-cp", "/query-corruption-workspace/baseline-src/fe/fe-core/target/starrocks-fe.jar:/query-corruption-workspace/baseline-src/fe/fe-core/target/lib/*:/query-corruption-workspace/runtime/qct-cluster/fe/conf", "com.starrocks.StarRocksFE"], "selection": {"variant": "A-baseline", "source": "/query-corruption-workspace/baseline-src", "storage_page_cache": true, "selected_utc": "20260922T081829.915303Z"}}
{"node": "be0", "pid": 268886, "start_ticks": "26636165", "home": "/query-corruption-workspace/runtime/qct-cluster/be0", "command": ["/query-corruption-workspace/baseline-src/be/output/lib/starrocks_be"], "selection": {"variant": "A-baseline", "source": "/query-corruption-workspace/baseline-src", "storage_page_cache": true, "selected_utc": "20260922T081829.915303Z"}}
{"node": "be1", "pid": 268887, "start_ticks": "26636165", "home": "/query-corruption-workspace/runtime/qct-cluster/be1", "command": ["/query-corruption-workspace/baseline-src/be/output/lib/starrocks_be"], "selection": {"variant": "A-baseline", "source": "/query-corruption-workspace/baseline-src", "storage_page_cache": true, "selected_utc": "20260922T081829.915303Z"}}
{"node": "be2", "pid": 268888, "start_ticks": "26636165", "home": "/query-corruption-workspace/runtime/qct-cluster/be2", "command": ["/query-corruption-workspace/baseline-src/be/output/lib/starrocks_be"], "selection": {"variant": "A-baseline", "source": "/query-corruption-workspace/baseline-src", "storage_page_cache": true, "selected_utc": "20260922T081829.915303Z"}}
{"event": "split_preflight", "server_cpu_max": "600000 100000", "server_cpuset": "0-5", "client_cpu_max": "200000 100000", "client_cpuset": "6-7", "adapter_sha256": "ab48e0560fcab386071e04814e2c9329dac107f353b21bc116b6c3297d4cd5df"}
{"utc": "2026-09-22T08:18:55.377109+00:00", "event": "warmup_start", "client_mode": "processes"}
{"utc": "2026-09-22T08:19:55.300480+00:00", "event": "measurement_start", "client_mode": "processes", "worker_pids": [270514, 270515, 270516, 270517]}
{"utc": "2026-09-22T08:21:05.846337+00:00", "event": "client_complete", "qps": 142.18775920157552, "measured": {"detail_page": {"samples": 10000, "warnings": 0, "first_row_ms": {"mean": 23.3838947459, "median": 22.60839, "p95": 32.482603, "p99": 41.147204, "min": 9.809286, "max": 475.165734}, "complete_ms": {"mean": 27.866463797, "median": 26.9497785, "p95": 37.46752, "p99": 47.73735, "min": 13.491228, "max": 480.990698}, "after_first_ms": {"p50": 4.009537999999996, "p95": 7.125800999999999, "p99": 9.473315}}}}
{"event": "run_complete", "number": 2, "name": "control-1-pos-2-processes", "variant": "A-baseline", "client_mode": "processes", "block": 1, "position": 2, "phase": "client", "qps": 142.18775920157552, "measured": {"detail_page": {"samples": 10000, "warnings": 0, "first_row_ms": {"mean": 23.3838947459, "median": 22.60839, "p95": 32.482603, "p99": 41.147204, "min": 9.809286, "max": 475.165734}, "complete_ms": {"mean": 27.866463797, "median": 26.9497785, "p95": 37.46752, "p99": 47.73735, "min": 13.491228, "max": 480.990698}, "after_first_ms": {"p50": 4.009537999999996, "p95": 7.125800999999999, "p99": 9.473315}}}, "warmup_samples": 7453}
{"node": "fe", "state": "stopped"}
{"node": "be0", "state": "stopped"}
{"node": "be1", "state": "stopped"}
{"node": "be2", "state": "stopped"}
{"event": "run_start", "number": 3, "total": 22, "name": "control-2-pos-1-processes", "variant": "A-baseline", "client_mode": "processes", "block": 2, "position": 1, "phase": "client"}
{"node": "fe", "pid": 270672, "start_ticks": "26652834", "home": "/query-corruption-workspace/runtime/qct-cluster/fe", "command": ["/usr/lib/jvm/java-17-openjdk-arm64/bin/java", "-Xms512m", "-Xmx2g", "-XX:+UseG1GC", "-Dlog4j2.formatMsgNoLookups=true", "-cp", "/query-corruption-workspace/baseline-src/fe/fe-core/target/starrocks-fe.jar:/query-corruption-workspace/baseline-src/fe/fe-core/target/lib/*:/query-corruption-workspace/runtime/qct-cluster/fe/conf", "com.starrocks.StarRocksFE"], "selection": {"variant": "A-baseline", "source": "/query-corruption-workspace/baseline-src", "storage_page_cache": true, "selected_utc": "20260922T082115.630343Z"}}
{"node": "be0", "pid": 270673, "start_ticks": "26652834", "home": "/query-corruption-workspace/runtime/qct-cluster/be0", "command": ["/query-corruption-workspace/baseline-src/be/output/lib/starrocks_be"], "selection": {"variant": "A-baseline", "source": "/query-corruption-workspace/baseline-src", "storage_page_cache": true, "selected_utc": "20260922T082115.630343Z"}}
{"node": "be1", "pid": 270674, "start_ticks": "26652834", "home": "/query-corruption-workspace/runtime/qct-cluster/be1", "command": ["/query-corruption-workspace/baseline-src/be/output/lib/starrocks_be"], "selection": {"variant": "A-baseline", "source": "/query-corruption-workspace/baseline-src", "storage_page_cache": true, "selected_utc": "20260922T082115.630343Z"}}
{"node": "be2", "pid": 270675, "start_ticks": "26652834", "home": "/query-corruption-workspace/runtime/qct-cluster/be2", "command": ["/query-corruption-workspace/baseline-src/be/output/lib/starrocks_be"], "selection": {"variant": "A-baseline", "source": "/query-corruption-workspace/baseline-src", "storage_page_cache": true, "selected_utc": "20260922T082115.630343Z"}}
{"event": "split_preflight", "server_cpu_max": "600000 100000", "server_cpuset": "0-5", "client_cpu_max": "200000 100000", "client_cpuset": "6-7", "adapter_sha256": "ab48e0560fcab386071e04814e2c9329dac107f353b21bc116b6c3297d4cd5df"}
{"utc": "2026-09-22T08:21:43.229719+00:00", "event": "warmup_start", "client_mode": "processes"}
{"utc": "2026-09-22T08:22:43.392799+00:00", "event": "measurement_start", "client_mode": "processes", "worker_pids": [272288, 272289, 272290, 272291]}
{"utc": "2026-09-22T08:23:50.269563+00:00", "event": "client_complete", "qps": 149.45738940588194, "measured": {"detail_page": {"samples": 10000, "warnings": 0, "first_row_ms": {"mean": 22.25984361, "median": 21.68673, "p95": 30.653627, "p99": 37.175934, "min": 9.499063, "max": 367.357748}, "complete_ms": {"mean": 26.6349521405, "median": 25.9465, "p95": 35.784189, "p99": 42.773525, "min": 13.273559, "max": 371.168587}, "after_first_ms": {"p50": 3.930934999999998, "p95": 7.049918999999999, "p99": 8.912333999999998}}}}
{"event": "run_complete", "number": 3, "name": "control-2-pos-1-processes", "variant": "A-baseline", "client_mode": "processes", "block": 2, "position": 1, "phase": "client", "qps": 149.45738940588194, "measured": {"detail_page": {"samples": 10000, "warnings": 0, "first_row_ms": {"mean": 22.25984361, "median": 21.68673, "p95": 30.653627, "p99": 37.175934, "min": 9.499063, "max": 367.357748}, "complete_ms": {"mean": 26.6349521405, "median": 25.9465, "p95": 35.784189, "p99": 42.773525, "min": 13.273559, "max": 371.168587}, "after_first_ms": {"p50": 3.930934999999998, "p95": 7.049918999999999, "p99": 8.912333999999998}}}, "warmup_samples": 7754}
{"node": "fe", "state": "stopped"}
{"node": "be0", "state": "stopped"}
{"node": "be1", "state": "stopped"}
{"node": "be2", "state": "stopped"}
{"event": "run_start", "number": 4, "total": 22, "name": "control-2-pos-2-threads", "variant": "A-baseline", "client_mode": "threads", "block": 2, "position": 2, "phase": "client"}
{"node": "fe", "pid": 272453, "start_ticks": "26669522", "home": "/query-corruption-workspace/runtime/qct-cluster/fe", "command": ["/usr/lib/jvm/java-17-openjdk-arm64/bin/java", "-Xms512m", "-Xmx2g", "-XX:+UseG1GC", "-Dlog4j2.formatMsgNoLookups=true", "-cp", "/query-corruption-workspace/baseline-src/fe/fe-core/target/starrocks-fe.jar:/query-corruption-workspace/baseline-src/fe/fe-core/target/lib/*:/query-corruption-workspace/runtime/qct-cluster/fe/conf", "com.starrocks.StarRocksFE"], "selection": {"variant": "A-baseline", "source": "/query-corruption-workspace/baseline-src", "storage_page_cache": true, "selected_utc": "20260922T082401.566898Z"}}
{"node": "be0", "pid": 272454, "start_ticks": "26669522", "home": "/query-corruption-workspace/runtime/qct-cluster/be0", "command": ["/query-corruption-workspace/baseline-src/be/output/lib/starrocks_be"], "selection": {"variant": "A-baseline", "source": "/query-corruption-workspace/baseline-src", "storage_page_cache": true, "selected_utc": "20260922T082401.566898Z"}}
{"node": "be1", "pid": 272455, "start_ticks": "26669522", "home": "/query-corruption-workspace/runtime/qct-cluster/be1", "command": ["/query-corruption-workspace/baseline-src/be/output/lib/starrocks_be"], "selection": {"variant": "A-baseline", "source": "/query-corruption-workspace/baseline-src", "storage_page_cache": true, "selected_utc": "20260922T082401.566898Z"}}
{"node": "be2", "pid": 272456, "start_ticks": "26669523", "home": "/query-corruption-workspace/runtime/qct-cluster/be2", "command": ["/query-corruption-workspace/baseline-src/be/output/lib/starrocks_be"], "selection": {"variant": "A-baseline", "source": "/query-corruption-workspace/baseline-src", "storage_page_cache": true, "selected_utc": "20260922T082401.566898Z"}}
{"event": "split_preflight", "server_cpu_max": "600000 100000", "server_cpuset": "0-5", "client_cpu_max": "200000 100000", "client_cpuset": "6-7", "adapter_sha256": "ab48e0560fcab386071e04814e2c9329dac107f353b21bc116b6c3297d4cd5df"}
{"utc": "2026-09-22T08:24:26.194936+00:00", "event": "warmup_start", "client_mode": "threads"}
{"utc": "2026-09-22T08:25:26.060605+00:00", "event": "measurement_start", "client_mode": "threads", "worker_pids": [274064, 274064, 274064, 274064]}
{"utc": "2026-09-22T08:26:55.047695+00:00", "event": "client_complete", "qps": 112.00820271176309, "measured": {"detail_page": {"samples": 10000, "warnings": 0, "first_row_ms": {"mean": 19.2823497841, "median": 19.142326500000003, "p95": 27.718989, "p99": 32.083257, "min": 9.441508, "max": 66.200068}, "complete_ms": {"mean": 35.5776688885, "median": 34.807731000000004, "p95": 55.112001, "p99": 61.830602, "min": 13.507383, "max": 96.807886}, "after_first_ms": {"p50": 16.441203, "p95": 30.45743000000001, "p99": 34.909566999999996}}}}
{"event": "run_complete", "number": 4, "name": "control-2-pos-2-threads", "variant": "A-baseline", "client_mode": "threads", "block": 2, "position": 2, "phase": "client", "qps": 112.00820271176309, "measured": {"detail_page": {"samples": 10000, "warnings": 0, "first_row_ms": {"mean": 19.2823497841, "median": 19.142326500000003, "p95": 27.718989, "p99": 32.083257, "min": 9.441508, "max": 66.200068}, "complete_ms": {"mean": 35.5776688885, "median": 34.807731000000004, "p95": 55.112001, "p99": 61.830602, "min": 13.507383, "max": 96.807886}, "after_first_ms": {"p50": 16.441203, "p95": 30.45743000000001, "p99": 34.909566999999996}}}, "warmup_samples": 6068}
{"node": "fe", "state": "stopped"}
{"node": "be2", "state": "stopped"}
{"node": "be1", "state": "stopped"}
{"node": "be0", "state": "stopped"}
{"event": "run_start", "number": 5, "total": 22, "name": "abc-1-ABC-pos-1-A", "variant": "A-baseline", "client_mode": "processes", "block": 1, "position": 1, "phase": "abc"}
{"node": "fe", "pid": 274233, "start_ticks": "26687907", "home": "/query-corruption-workspace/runtime/qct-cluster/fe", "command": ["/usr/lib/jvm/java-17-openjdk-arm64/bin/java", "-Xms512m", "-Xmx2g", "-XX:+UseG1GC", "-Dlog4j2.formatMsgNoLookups=true", "-cp", "/query-corruption-workspace/baseline-src/fe/fe-core/target/starrocks-fe.jar:/query-corruption-workspace/baseline-src/fe/fe-core/target/lib/*:/query-corruption-workspace/runtime/qct-cluster/fe/conf", "com.starrocks.StarRocksFE"], "selection": {"variant": "A-baseline", "source": "/query-corruption-workspace/baseline-src", "storage_page_cache": true, "selected_utc": "20260922T082704.470508Z"}}
{"node": "be0", "pid": 274234, "start_ticks": "26687907", "home": "/query-corruption-workspace/runtime/qct-cluster/be0", "command": ["/query-corruption-workspace/baseline-src/be/output/lib/starrocks_be"], "selection": {"variant": "A-baseline", "source": "/query-corruption-workspace/baseline-src", "storage_page_cache": true, "selected_utc": "20260922T082704.470508Z"}}
{"node": "be1", "pid": 274235, "start_ticks": "26687908", "home": "/query-corruption-workspace/runtime/qct-cluster/be1", "command": ["/query-corruption-workspace/baseline-src/be/output/lib/starrocks_be"], "selection": {"variant": "A-baseline", "source": "/query-corruption-workspace/baseline-src", "storage_page_cache": true, "selected_utc": "20260922T082704.470508Z"}}
{"node": "be2", "pid": 274236, "start_ticks": "26687908", "home": "/query-corruption-workspace/runtime/qct-cluster/be2", "command": ["/query-corruption-workspace/baseline-src/be/output/lib/starrocks_be"], "selection": {"variant": "A-baseline", "source": "/query-corruption-workspace/baseline-src", "storage_page_cache": true, "selected_utc": "20260922T082704.470508Z"}}
{"event": "split_preflight", "server_cpu_max": "600000 100000", "server_cpuset": "0-5", "client_cpu_max": "200000 100000", "client_cpuset": "6-7", "adapter_sha256": "ab48e0560fcab386071e04814e2c9329dac107f353b21bc116b6c3297d4cd5df"}
{"utc": "2026-09-22T08:27:29.176339+00:00", "event": "warmup_start", "client_mode": "processes"}
{"utc": "2026-09-22T08:28:29.198209+00:00", "event": "measurement_start", "client_mode": "processes", "worker_pids": [275863, 275864, 275865, 275866]}
{"utc": "2026-09-22T08:29:35.395127+00:00", "event": "client_complete", "qps": 151.1439361614168, "measured": {"detail_page": {"samples": 10000, "warnings": 0, "first_row_ms": {"mean": 21.9317153647, "median": 21.421667499999998, "p95": 30.198218, "p99": 36.786267, "min": 9.798697, "max": 224.991561}, "complete_ms": {"mean": 26.3797482625, "median": 25.6941195, "p95": 35.577937, "p99": 43.126146, "min": 13.454531, "max": 232.613642}, "after_first_ms": {"p50": 3.981750999999999, "p95": 7.121400000000001, "p99": 9.797962000000002}}}}
{"event": "run_complete", "number": 5, "name": "abc-1-ABC-pos-1-A", "variant": "A-baseline", "client_mode": "processes", "block": 1, "position": 1, "phase": "abc", "qps": 151.1439361614168, "measured": {"detail_page": {"samples": 10000, "warnings": 0, "first_row_ms": {"mean": 21.9317153647, "median": 21.421667499999998, "p95": 30.198218, "p99": 36.786267, "min": 9.798697, "max": 224.991561}, "complete_ms": {"mean": 26.3797482625, "median": 25.6941195, "p95": 35.577937, "p99": 43.126146, "min": 13.454531, "max": 232.613642}, "after_first_ms": {"p50": 3.981750999999999, "p95": 7.121400000000001, "p99": 9.797962000000002}}}, "warmup_samples": 7813}
{"node": "fe", "state": "stopped"}
{"node": "be2", "state": "stopped"}
{"node": "be1", "state": "stopped"}
{"node": "be0", "state": "stopped"}
{"event": "run_start", "number": 6, "total": 22, "name": "abc-1-ABC-pos-2-B", "variant": "B-off", "client_mode": "processes", "block": 1, "position": 2, "phase": "abc"}
{"node": "fe", "pid": 276017, "start_ticks": "26704065", "home": "/query-corruption-workspace/runtime/qct-cluster/fe", "command": ["/usr/lib/jvm/java-17-openjdk-arm64/bin/java", "-Xms512m", "-Xmx2g", "-XX:+UseG1GC", "-Dlog4j2.formatMsgNoLookups=true", "-cp", "/query-corruption-workspace/src/fe/fe-core/target/starrocks-fe.jar:/query-corruption-workspace/src/fe/fe-core/target/lib/*:/query-corruption-workspace/runtime/qct-cluster/fe/conf", "com.starrocks.StarRocksFE"], "selection": {"variant": "B-off", "source": "/query-corruption-workspace/src", "storage_page_cache": true, "selected_utc": "20260922T082945.104081Z"}}
{"node": "be0", "pid": 276018, "start_ticks": "26704065", "home": "/query-corruption-workspace/runtime/qct-cluster/be0", "command": ["/query-corruption-workspace/src/be/output/lib/starrocks_be"], "selection": {"variant": "B-off", "source": "/query-corruption-workspace/src", "storage_page_cache": true, "selected_utc": "20260922T082945.104081Z"}}
{"node": "be1", "pid": 276020, "start_ticks": "26704067", "home": "/query-corruption-workspace/runtime/qct-cluster/be1", "command": ["/query-corruption-workspace/src/be/output/lib/starrocks_be"], "selection": {"variant": "B-off", "source": "/query-corruption-workspace/src", "storage_page_cache": true, "selected_utc": "20260922T082945.104081Z"}}
{"node": "be2", "pid": 276022, "start_ticks": "26704067", "home": "/query-corruption-workspace/runtime/qct-cluster/be2", "command": ["/query-corruption-workspace/src/be/output/lib/starrocks_be"], "selection": {"variant": "B-off", "source": "/query-corruption-workspace/src", "storage_page_cache": true, "selected_utc": "20260922T082945.104081Z"}}
{"event": "split_preflight", "server_cpu_max": "600000 100000", "server_cpuset": "0-5", "client_cpu_max": "200000 100000", "client_cpuset": "6-7", "adapter_sha256": "ab48e0560fcab386071e04814e2c9329dac107f353b21bc116b6c3297d4cd5df"}
{"utc": "2026-09-22T08:30:23.100257+00:00", "event": "warmup_start", "client_mode": "processes"}
{"utc": "2026-09-22T08:31:23.074682+00:00", "event": "measurement_start", "client_mode": "processes", "worker_pids": [277647, 277648, 277649, 277650]}
{"utc": "2026-09-22T08:32:35.933182+00:00", "event": "client_complete", "qps": 137.29043813353215, "measured": {"detail_page": {"samples": 10000, "warnings": 0, "first_row_ms": {"mean": 24.3191455579, "median": 22.888679500000002, "p95": 35.704899, "p99": 53.933596, "min": 9.648254, "max": 369.360714}, "complete_ms": {"mean": 29.0119090735, "median": 27.278926, "p95": 41.384686, "p99": 61.99021, "min": 13.368961, "max": 386.02444}, "after_first_ms": {"p50": 4.065936000000001, "p95": 7.484097000000002, "p99": 11.708655}}}}
{"event": "run_complete", "number": 6, "name": "abc-1-ABC-pos-2-B", "variant": "B-off", "client_mode": "processes", "block": 1, "position": 2, "phase": "abc", "qps": 137.29043813353215, "measured": {"detail_page": {"samples": 10000, "warnings": 0, "first_row_ms": {"mean": 24.3191455579, "median": 22.888679500000002, "p95": 35.704899, "p99": 53.933596, "min": 9.648254, "max": 369.360714}, "complete_ms": {"mean": 29.0119090735, "median": 27.278926, "p95": 41.384686, "p99": 61.99021, "min": 13.368961, "max": 386.02444}, "after_first_ms": {"p50": 4.065936000000001, "p95": 7.484097000000002, "p99": 11.708655}}}, "warmup_samples": 7769}
{"node": "fe", "state": "stopped"}
{"node": "be2", "state": "stopped"}
{"node": "be0", "state": "stopped"}
{"node": "be1", "state": "stopped"}
{"event": "run_start", "number": 7, "total": 22, "name": "abc-1-ABC-pos-3-C", "variant": "C-on", "client_mode": "processes", "block": 1, "position": 3, "phase": "abc"}
{"node": "fe", "pid": 277795, "start_ticks": "26722184", "home": "/query-corruption-workspace/runtime/qct-cluster/fe", "command": ["/usr/lib/jvm/java-17-openjdk-arm64/bin/java", "-Xms512m", "-Xmx2g", "-XX:+UseG1GC", "-Dlog4j2.formatMsgNoLookups=true", "-cp", "/query-corruption-workspace/src/fe/fe-core/target/starrocks-fe.jar:/query-corruption-workspace/src/fe/fe-core/target/lib/*:/query-corruption-workspace/runtime/qct-cluster/fe/conf", "com.starrocks.StarRocksFE"], "selection": {"variant": "C-on", "source": "/query-corruption-workspace/src", "storage_page_cache": true, "selected_utc": "20260922T083245.108945Z"}}
{"node": "be0", "pid": 277796, "start_ticks": "26722184", "home": "/query-corruption-workspace/runtime/qct-cluster/be0", "command": ["/query-corruption-workspace/src/be/output/lib/starrocks_be"], "selection": {"variant": "C-on", "source": "/query-corruption-workspace/src", "storage_page_cache": true, "selected_utc": "20260922T083245.108945Z"}}
{"node": "be1", "pid": 277797, "start_ticks": "26722184", "home": "/query-corruption-workspace/runtime/qct-cluster/be1", "command": ["/query-corruption-workspace/src/be/output/lib/starrocks_be"], "selection": {"variant": "C-on", "source": "/query-corruption-workspace/src", "storage_page_cache": true, "selected_utc": "20260922T083245.108945Z"}}
{"node": "be2", "pid": 277798, "start_ticks": "26722185", "home": "/query-corruption-workspace/runtime/qct-cluster/be2", "command": ["/query-corruption-workspace/src/be/output/lib/starrocks_be"], "selection": {"variant": "C-on", "source": "/query-corruption-workspace/src", "storage_page_cache": true, "selected_utc": "20260922T083245.108945Z"}}
{"event": "split_preflight", "server_cpu_max": "600000 100000", "server_cpuset": "0-5", "client_cpu_max": "200000 100000", "client_cpuset": "6-7", "adapter_sha256": "ab48e0560fcab386071e04814e2c9329dac107f353b21bc116b6c3297d4cd5df"}
{"utc": "2026-09-22T08:33:13.271919+00:00", "event": "warmup_start", "client_mode": "processes"}
{"utc": "2026-09-22T08:34:13.434312+00:00", "event": "measurement_start", "client_mode": "processes", "worker_pids": [279411, 279412, 279413, 279414]}
{"utc": "2026-09-22T08:35:25.251025+00:00", "event": "client_complete", "qps": 139.26579316804907, "measured": {"detail_page": {"samples": 10000, "warnings": 0, "first_row_ms": {"mean": 23.9414004453, "median": 23.150614, "p95": 33.490811, "p99": 42.946695, "min": 10.236774, "max": 261.061161}, "complete_ms": {"mean": 28.5706068849, "median": 27.6357465, "p95": 39.339529, "p99": 50.197202, "min": 14.088952, "max": 277.184061}, "after_first_ms": {"p50": 4.125782000000001, "p95": 7.318479, "p99": 10.683453999999998}}}}
{"event": "run_complete", "number": 7, "name": "abc-1-ABC-pos-3-C", "variant": "C-on", "client_mode": "processes", "block": 1, "position": 3, "phase": "abc", "qps": 139.26579316804907, "measured": {"detail_page": {"samples": 10000, "warnings": 0, "first_row_ms": {"mean": 23.9414004453, "median": 23.150614, "p95": 33.490811, "p99": 42.946695, "min": 10.236774, "max": 261.061161}, "complete_ms": {"mean": 28.5706068849, "median": 27.6357465, "p95": 39.339529, "p99": 50.197202, "min": 14.088952, "max": 277.184061}, "after_first_ms": {"p50": 4.125782000000001, "p95": 7.318479, "p99": 10.683453999999998}}}, "warmup_samples": 7275}
{"node": "fe", "state": "stopped"}
{"node": "be0", "state": "stopped"}
{"node": "be1", "state": "stopped"}
{"node": "be2", "state": "stopped"}
{"event": "run_start", "number": 8, "total": 22, "name": "abc-2-ACB-pos-1-A", "variant": "A-baseline", "client_mode": "processes", "block": 2, "position": 1, "phase": "abc"}
{"node": "fe", "pid": 279578, "start_ticks": "26739261", "home": "/query-corruption-workspace/runtime/qct-cluster/fe", "command": ["/usr/lib/jvm/java-17-openjdk-arm64/bin/java", "-Xms512m", "-Xmx2g", "-XX:+UseG1GC", "-Dlog4j2.formatMsgNoLookups=true", "-cp", "/query-corruption-workspace/baseline-src/fe/fe-core/target/starrocks-fe.jar:/query-corruption-workspace/baseline-src/fe/fe-core/target/lib/*:/query-corruption-workspace/runtime/qct-cluster/fe/conf", "com.starrocks.StarRocksFE"], "selection": {"variant": "A-baseline", "source": "/query-corruption-workspace/baseline-src", "storage_page_cache": true, "selected_utc": "20260922T083534.979183Z"}}
{"node": "be0", "pid": 279579, "start_ticks": "26739261", "home": "/query-corruption-workspace/runtime/qct-cluster/be0", "command": ["/query-corruption-workspace/baseline-src/be/output/lib/starrocks_be"], "selection": {"variant": "A-baseline", "source": "/query-corruption-workspace/baseline-src", "storage_page_cache": true, "selected_utc": "20260922T083534.979183Z"}}
{"node": "be1", "pid": 279580, "start_ticks": "26739261", "home": "/query-corruption-workspace/runtime/qct-cluster/be1", "command": ["/query-corruption-workspace/baseline-src/be/output/lib/starrocks_be"], "selection": {"variant": "A-baseline", "source": "/query-corruption-workspace/baseline-src", "storage_page_cache": true, "selected_utc": "20260922T083534.979183Z"}}
{"node": "be2", "pid": 279581, "start_ticks": "26739262", "home": "/query-corruption-workspace/runtime/qct-cluster/be2", "command": ["/query-corruption-workspace/baseline-src/be/output/lib/starrocks_be"], "selection": {"variant": "A-baseline", "source": "/query-corruption-workspace/baseline-src", "storage_page_cache": true, "selected_utc": "20260922T083534.979183Z"}}
{"event": "split_preflight", "server_cpu_max": "600000 100000", "server_cpuset": "0-5", "client_cpu_max": "200000 100000", "client_cpuset": "6-7", "adapter_sha256": "ab48e0560fcab386071e04814e2c9329dac107f353b21bc116b6c3297d4cd5df"}
{"utc": "2026-09-22T08:36:03.641069+00:00", "event": "warmup_start", "client_mode": "processes"}
{"utc": "2026-09-22T08:37:03.612843+00:00", "event": "measurement_start", "client_mode": "processes", "worker_pids": [281209, 281210, 281211, 281212]}
{"utc": "2026-09-22T08:38:10.937386+00:00", "event": "client_complete", "qps": 148.84517857564737, "measured": {"detail_page": {"samples": 10000, "warnings": 0, "first_row_ms": {"mean": 22.2999770916, "median": 21.8622405, "p95": 31.110561, "p99": 37.398593, "min": 9.869693, "max": 91.510176}, "complete_ms": {"mean": 26.7055850017, "median": 26.1156425, "p95": 36.492963, "p99": 43.639068, "min": 13.399667, "max": 100.225961}, "after_first_ms": {"p50": 3.9298460000000013, "p95": 7.1008309999999994, "p99": 9.636738000000001}}}}
{"event": "run_complete", "number": 8, "name": "abc-2-ACB-pos-1-A", "variant": "A-baseline", "client_mode": "processes", "block": 2, "position": 1, "phase": "abc", "qps": 148.84517857564737, "measured": {"detail_page": {"samples": 10000, "warnings": 0, "first_row_ms": {"mean": 22.2999770916, "median": 21.8622405, "p95": 31.110561, "p99": 37.398593, "min": 9.869693, "max": 91.510176}, "complete_ms": {"mean": 26.7055850017, "median": 26.1156425, "p95": 36.492963, "p99": 43.639068, "min": 13.399667, "max": 100.225961}, "after_first_ms": {"p50": 3.9298460000000013, "p95": 7.1008309999999994, "p99": 9.636738000000001}}}, "warmup_samples": 7621}
{"node": "fe", "state": "stopped"}
{"node": "be1", "state": "stopped"}
{"node": "be2", "state": "stopped"}
{"node": "be0", "state": "stopped"}
{"event": "run_start", "number": 9, "total": 22, "name": "abc-2-ACB-pos-2-C", "variant": "C-on", "client_mode": "processes", "block": 2, "position": 2, "phase": "abc"}
{"node": "fe", "pid": 281367, "start_ticks": "26755955", "home": "/query-corruption-workspace/runtime/qct-cluster/fe", "command": ["/usr/lib/jvm/java-17-openjdk-arm64/bin/java", "-Xms512m", "-Xmx2g", "-XX:+UseG1GC", "-Dlog4j2.formatMsgNoLookups=true", "-cp", "/query-corruption-workspace/src/fe/fe-core/target/starrocks-fe.jar:/query-corruption-workspace/src/fe/fe-core/target/lib/*:/query-corruption-workspace/runtime/qct-cluster/fe/conf", "com.starrocks.StarRocksFE"], "selection": {"variant": "C-on", "source": "/query-corruption-workspace/src", "storage_page_cache": true, "selected_utc": "20260922T083820.908990Z"}}
{"node": "be0", "pid": 281368, "start_ticks": "26755955", "home": "/query-corruption-workspace/runtime/qct-cluster/be0", "command": ["/query-corruption-workspace/src/be/output/lib/starrocks_be"], "selection": {"variant": "C-on", "source": "/query-corruption-workspace/src", "storage_page_cache": true, "selected_utc": "20260922T083820.908990Z"}}
{"node": "be1", "pid": 281369, "start_ticks": "26755955", "home": "/query-corruption-workspace/runtime/qct-cluster/be1", "command": ["/query-corruption-workspace/src/be/output/lib/starrocks_be"], "selection": {"variant": "C-on", "source": "/query-corruption-workspace/src", "storage_page_cache": true, "selected_utc": "20260922T083820.908990Z"}}
{"node": "be2", "pid": 281370, "start_ticks": "26755955", "home": "/query-corruption-workspace/runtime/qct-cluster/be2", "command": ["/query-corruption-workspace/src/be/output/lib/starrocks_be"], "selection": {"variant": "C-on", "source": "/query-corruption-workspace/src", "storage_page_cache": true, "selected_utc": "20260922T083820.908990Z"}}
{"event": "split_preflight", "server_cpu_max": "600000 100000", "server_cpuset": "0-5", "client_cpu_max": "200000 100000", "client_cpuset": "6-7", "adapter_sha256": "ab48e0560fcab386071e04814e2c9329dac107f353b21bc116b6c3297d4cd5df"}
{"utc": "2026-09-22T08:38:48.078490+00:00", "event": "warmup_start", "client_mode": "processes"}
{"utc": "2026-09-22T08:39:48.146188+00:00", "event": "measurement_start", "client_mode": "processes", "worker_pids": [282995, 282996, 282997, 282998]}
{"utc": "2026-09-22T08:40:53.860261+00:00", "event": "client_complete", "qps": 152.48918150607423, "measured": {"detail_page": {"samples": 10000, "warnings": 0, "first_row_ms": {"mean": 21.7728839984, "median": 21.303977500000002, "p95": 30.197633, "p99": 37.304139, "min": 8.950585, "max": 111.828294}, "complete_ms": {"mean": 26.1672353504, "median": 25.548226999999997, "p95": 35.305809, "p99": 42.86606, "min": 12.525565, "max": 117.19298}, "after_first_ms": {"p50": 3.965662000000002, "p95": 7.022694999999999, "p99": 8.818550000000002}}}}
{"event": "run_complete", "number": 9, "name": "abc-2-ACB-pos-2-C", "variant": "C-on", "client_mode": "processes", "block": 2, "position": 2, "phase": "abc", "qps": 152.48918150607423, "measured": {"detail_page": {"samples": 10000, "warnings": 0, "first_row_ms": {"mean": 21.7728839984, "median": 21.303977500000002, "p95": 30.197633, "p99": 37.304139, "min": 8.950585, "max": 111.828294}, "complete_ms": {"mean": 26.1672353504, "median": 25.548226999999997, "p95": 35.305809, "p99": 42.86606, "min": 12.525565, "max": 117.19298}, "after_first_ms": {"p50": 3.965662000000002, "p95": 7.022694999999999, "p99": 8.818550000000002}}}, "warmup_samples": 7687}
{"node": "fe", "state": "stopped"}
{"node": "be0", "state": "stopped"}
{"node": "be1", "state": "stopped"}
{"node": "be2", "state": "stopped"}
{"event": "run_start", "number": 10, "total": 22, "name": "abc-2-ACB-pos-3-B", "variant": "B-off", "client_mode": "processes", "block": 2, "position": 3, "phase": "abc"}
{"node": "fe", "pid": 283151, "start_ticks": "26772319", "home": "/query-corruption-workspace/runtime/qct-cluster/fe", "command": ["/usr/lib/jvm/java-17-openjdk-arm64/bin/java", "-Xms512m", "-Xmx2g", "-XX:+UseG1GC", "-Dlog4j2.formatMsgNoLookups=true", "-cp", "/query-corruption-workspace/src/fe/fe-core/target/starrocks-fe.jar:/query-corruption-workspace/src/fe/fe-core/target/lib/*:/query-corruption-workspace/runtime/qct-cluster/fe/conf", "com.starrocks.StarRocksFE"], "selection": {"variant": "B-off", "source": "/query-corruption-workspace/src", "storage_page_cache": true, "selected_utc": "20260922T084103.656105Z"}}
{"node": "be0", "pid": 283152, "start_ticks": "26772319", "home": "/query-corruption-workspace/runtime/qct-cluster/be0", "command": ["/query-corruption-workspace/src/be/output/lib/starrocks_be"], "selection": {"variant": "B-off", "source": "/query-corruption-workspace/src", "storage_page_cache": true, "selected_utc": "20260922T084103.656105Z"}}
{"node": "be1", "pid": 283153, "start_ticks": "26772319", "home": "/query-corruption-workspace/runtime/qct-cluster/be1", "command": ["/query-corruption-workspace/src/be/output/lib/starrocks_be"], "selection": {"variant": "B-off", "source": "/query-corruption-workspace/src", "storage_page_cache": true, "selected_utc": "20260922T084103.656105Z"}}
{"node": "be2", "pid": 283154, "start_ticks": "26772319", "home": "/query-corruption-workspace/runtime/qct-cluster/be2", "command": ["/query-corruption-workspace/src/be/output/lib/starrocks_be"], "selection": {"variant": "B-off", "source": "/query-corruption-workspace/src", "storage_page_cache": true, "selected_utc": "20260922T084103.656105Z"}}
{"event": "split_preflight", "server_cpu_max": "600000 100000", "server_cpuset": "0-5", "client_cpu_max": "200000 100000", "client_cpuset": "6-7", "adapter_sha256": "ab48e0560fcab386071e04814e2c9329dac107f353b21bc116b6c3297d4cd5df"}
{"utc": "2026-09-22T08:41:29.304136+00:00", "event": "warmup_start", "client_mode": "processes"}
{"utc": "2026-09-22T08:42:29.518658+00:00", "event": "measurement_start", "client_mode": "processes", "worker_pids": [284779, 284780, 284781, 284782]}
{"utc": "2026-09-22T08:43:41.381112+00:00", "event": "client_complete", "qps": 139.25877746799813, "measured": {"detail_page": {"samples": 10000, "warnings": 0, "first_row_ms": {"mean": 23.8978077304, "median": 23.1014665, "p95": 33.983258, "p99": 42.535672, "min": 9.71305, "max": 195.055865}, "complete_ms": {"mean": 28.6235594588, "median": 27.639649499999997, "p95": 39.776387, "p99": 49.627012, "min": 13.424798, "max": 232.521856}, "after_first_ms": {"p50": 4.175008000000002, "p95": 7.510158999999998, "p99": 10.989079000000004}}}}
{"event": "run_complete", "number": 10, "name": "abc-2-ACB-pos-3-B", "variant": "B-off", "client_mode": "processes", "block": 2, "position": 3, "phase": "abc", "qps": 139.25877746799813, "measured": {"detail_page": {"samples": 10000, "warnings": 0, "first_row_ms": {"mean": 23.8978077304, "median": 23.1014665, "p95": 33.983258, "p99": 42.535672, "min": 9.71305, "max": 195.055865}, "complete_ms": {"mean": 28.6235594588, "median": 27.639649499999997, "p95": 39.776387, "p99": 49.627012, "min": 13.424798, "max": 232.521856}, "after_first_ms": {"p50": 4.175008000000002, "p95": 7.510158999999998, "p99": 10.989079000000004}}}, "warmup_samples": 7212}
{"node": "fe", "state": "stopped"}
{"node": "be1", "state": "stopped"}
{"node": "be2", "state": "stopped"}
{"node": "be0", "state": "stopped"}
{"event": "run_start", "number": 11, "total": 22, "name": "abc-3-BAC-pos-1-B", "variant": "B-off", "client_mode": "processes", "block": 3, "position": 1, "phase": "abc"}
{"node": "fe", "pid": 284938, "start_ticks": "26789194", "home": "/query-corruption-workspace/runtime/qct-cluster/fe", "command": ["/usr/lib/jvm/java-17-openjdk-arm64/bin/java", "-Xms512m", "-Xmx2g", "-XX:+UseG1GC", "-Dlog4j2.formatMsgNoLookups=true", "-cp", "/query-corruption-workspace/src/fe/fe-core/target/starrocks-fe.jar:/query-corruption-workspace/src/fe/fe-core/target/lib/*:/query-corruption-workspace/runtime/qct-cluster/fe/conf", "com.starrocks.StarRocksFE"], "selection": {"variant": "B-off", "source": "/query-corruption-workspace/src", "storage_page_cache": true, "selected_utc": "20260922T084351.742063Z"}}
{"node": "be0", "pid": 284939, "start_ticks": "26789194", "home": "/query-corruption-workspace/runtime/qct-cluster/be0", "command": ["/query-corruption-workspace/src/be/output/lib/starrocks_be"], "selection": {"variant": "B-off", "source": "/query-corruption-workspace/src", "storage_page_cache": true, "selected_utc": "20260922T084351.742063Z"}}
{"node": "be1", "pid": 284940, "start_ticks": "26789194", "home": "/query-corruption-workspace/runtime/qct-cluster/be1", "command": ["/query-corruption-workspace/src/be/output/lib/starrocks_be"], "selection": {"variant": "B-off", "source": "/query-corruption-workspace/src", "storage_page_cache": true, "selected_utc": "20260922T084351.742063Z"}}
{"node": "be2", "pid": 284941, "start_ticks": "26789194", "home": "/query-corruption-workspace/runtime/qct-cluster/be2", "command": ["/query-corruption-workspace/src/be/output/lib/starrocks_be"], "selection": {"variant": "B-off", "source": "/query-corruption-workspace/src", "storage_page_cache": true, "selected_utc": "20260922T084351.742063Z"}}
{"event": "split_preflight", "server_cpu_max": "600000 100000", "server_cpuset": "0-5", "client_cpu_max": "200000 100000", "client_cpuset": "6-7", "adapter_sha256": "ab48e0560fcab386071e04814e2c9329dac107f353b21bc116b6c3297d4cd5df"}
{"utc": "2026-09-22T08:44:19.014392+00:00", "event": "warmup_start", "client_mode": "processes"}
{"utc": "2026-09-22T08:45:19.016808+00:00", "event": "measurement_start", "client_mode": "processes", "worker_pids": [286553, 286554, 286555, 286556]}
{"utc": "2026-09-22T08:46:28.762530+00:00", "event": "client_complete", "qps": 143.5834327132195, "measured": {"detail_page": {"samples": 10000, "warnings": 0, "first_row_ms": {"mean": 23.1214485746, "median": 22.4228135, "p95": 32.202307, "p99": 39.614391, "min": 9.856555, "max": 355.489199}, "complete_ms": {"mean": 27.7052264015, "median": 26.832290999999998, "p95": 37.659176, "p99": 45.701292, "min": 13.676832, "max": 360.037055}, "after_first_ms": {"p50": 4.1192540000000015, "p95": 7.206191999999998, "p99": 9.853149000000002}}}}
{"event": "run_complete", "number": 11, "name": "abc-3-BAC-pos-1-B", "variant": "B-off", "client_mode": "processes", "block": 3, "position": 1, "phase": "abc", "qps": 143.5834327132195, "measured": {"detail_page": {"samples": 10000, "warnings": 0, "first_row_ms": {"mean": 23.1214485746, "median": 22.4228135, "p95": 32.202307, "p99": 39.614391, "min": 9.856555, "max": 355.489199}, "complete_ms": {"mean": 27.7052264015, "median": 26.832290999999998, "p95": 37.659176, "p99": 45.701292, "min": 13.676832, "max": 360.037055}, "after_first_ms": {"p50": 4.1192540000000015, "p95": 7.206191999999998, "p99": 9.853149000000002}}}, "warmup_samples": 7319}
{"node": "fe", "state": "stopped"}
{"node": "be1", "state": "stopped"}
{"node": "be0", "state": "stopped"}
{"node": "be2", "state": "stopped"}
{"event": "run_start", "number": 12, "total": 22, "name": "abc-3-BAC-pos-2-A", "variant": "A-baseline", "client_mode": "processes", "block": 3, "position": 2, "phase": "abc"}
{"node": "fe", "pid": 286713, "start_ticks": "26805972", "home": "/query-corruption-workspace/runtime/qct-cluster/fe", "command": ["/usr/lib/jvm/java-17-openjdk-arm64/bin/java", "-Xms512m", "-Xmx2g", "-XX:+UseG1GC", "-Dlog4j2.formatMsgNoLookups=true", "-cp", "/query-corruption-workspace/baseline-src/fe/fe-core/target/starrocks-fe.jar:/query-corruption-workspace/baseline-src/fe/fe-core/target/lib/*:/query-corruption-workspace/runtime/qct-cluster/fe/conf", "com.starrocks.StarRocksFE"], "selection": {"variant": "A-baseline", "source": "/query-corruption-workspace/baseline-src", "storage_page_cache": true, "selected_utc": "20260922T084638.629048Z"}}
{"node": "be0", "pid": 286714, "start_ticks": "26805972", "home": "/query-corruption-workspace/runtime/qct-cluster/be0", "command": ["/query-corruption-workspace/baseline-src/be/output/lib/starrocks_be"], "selection": {"variant": "A-baseline", "source": "/query-corruption-workspace/baseline-src", "storage_page_cache": true, "selected_utc": "20260922T084638.629048Z"}}
{"node": "be1", "pid": 286715, "start_ticks": "26805972", "home": "/query-corruption-workspace/runtime/qct-cluster/be1", "command": ["/query-corruption-workspace/baseline-src/be/output/lib/starrocks_be"], "selection": {"variant": "A-baseline", "source": "/query-corruption-workspace/baseline-src", "storage_page_cache": true, "selected_utc": "20260922T084638.629048Z"}}
{"node": "be2", "pid": 286716, "start_ticks": "26805972", "home": "/query-corruption-workspace/runtime/qct-cluster/be2", "command": ["/query-corruption-workspace/baseline-src/be/output/lib/starrocks_be"], "selection": {"variant": "A-baseline", "source": "/query-corruption-workspace/baseline-src", "storage_page_cache": true, "selected_utc": "20260922T084638.629048Z"}}
{"event": "split_preflight", "server_cpu_max": "600000 100000", "server_cpuset": "0-5", "client_cpu_max": "200000 100000", "client_cpuset": "6-7", "adapter_sha256": "ab48e0560fcab386071e04814e2c9329dac107f353b21bc116b6c3297d4cd5df"}
{"utc": "2026-09-22T08:47:06.659645+00:00", "event": "warmup_start", "client_mode": "processes"}
{"utc": "2026-09-22T08:48:06.646933+00:00", "event": "measurement_start", "client_mode": "processes", "worker_pids": [288343, 288344, 288345, 288346]}
{"utc": "2026-09-22T08:49:12.241622+00:00", "event": "client_complete", "qps": 152.1887867179495, "measured": {"detail_page": {"samples": 10000, "warnings": 0, "first_row_ms": {"mean": 21.87616701, "median": 21.1260475, "p95": 31.388435, "p99": 40.717129, "min": 9.344045, "max": 117.494754}, "complete_ms": {"mean": 26.1971872249, "median": 25.274993000000002, "p95": 36.551849, "p99": 47.487486, "min": 13.058962, "max": 159.026425}, "after_first_ms": {"p50": 3.794518, "p95": 7.003215000000004, "p99": 9.7046}}}}
{"event": "run_complete", "number": 12, "name": "abc-3-BAC-pos-2-A", "variant": "A-baseline", "client_mode": "processes", "block": 3, "position": 2, "phase": "abc", "qps": 152.1887867179495, "measured": {"detail_page": {"samples": 10000, "warnings": 0, "first_row_ms": {"mean": 21.87616701, "median": 21.1260475, "p95": 31.388435, "p99": 40.717129, "min": 9.344045, "max": 117.494754}, "complete_ms": {"mean": 26.1971872249, "median": 25.274993000000002, "p95": 36.551849, "p99": 47.487486, "min": 13.058962, "max": 159.026425}, "after_first_ms": {"p50": 3.794518, "p95": 7.003215000000004, "p99": 9.7046}}}, "warmup_samples": 7426}
{"node": "fe", "state": "stopped"}
{"node": "be1", "state": "stopped"}
{"node": "be2", "state": "stopped"}
{"node": "be0", "state": "stopped"}
{"event": "run_start", "number": 13, "total": 22, "name": "abc-3-BAC-pos-3-C", "variant": "C-on", "client_mode": "processes", "block": 3, "position": 3, "phase": "abc"}
{"node": "fe", "pid": 288497, "start_ticks": "26822446", "home": "/query-corruption-workspace/runtime/qct-cluster/fe", "command": ["/usr/lib/jvm/java-17-openjdk-arm64/bin/java", "-Xms512m", "-Xmx2g", "-XX:+UseG1GC", "-Dlog4j2.formatMsgNoLookups=true", "-cp", "/query-corruption-workspace/src/fe/fe-core/target/starrocks-fe.jar:/query-corruption-workspace/src/fe/fe-core/target/lib/*:/query-corruption-workspace/runtime/qct-cluster/fe/conf", "com.starrocks.StarRocksFE"], "selection": {"variant": "C-on", "source": "/query-corruption-workspace/src", "storage_page_cache": true, "selected_utc": "20260922T084922.460787Z"}}
{"node": "be0", "pid": 288498, "start_ticks": "26822446", "home": "/query-corruption-workspace/runtime/qct-cluster/be0", "command": ["/query-corruption-workspace/src/be/output/lib/starrocks_be"], "selection": {"variant": "C-on", "source": "/query-corruption-workspace/src", "storage_page_cache": true, "selected_utc": "20260922T084922.460787Z"}}
{"node": "be1", "pid": 288499, "start_ticks": "26822446", "home": "/query-corruption-workspace/runtime/qct-cluster/be1", "command": ["/query-corruption-workspace/src/be/output/lib/starrocks_be"], "selection": {"variant": "C-on", "source": "/query-corruption-workspace/src", "storage_page_cache": true, "selected_utc": "20260922T084922.460787Z"}}
{"node": "be2", "pid": 288500, "start_ticks": "26822446", "home": "/query-corruption-workspace/runtime/qct-cluster/be2", "command": ["/query-corruption-workspace/src/be/output/lib/starrocks_be"], "selection": {"variant": "C-on", "source": "/query-corruption-workspace/src", "storage_page_cache": true, "selected_utc": "20260922T084922.460787Z"}}
{"event": "split_preflight", "server_cpu_max": "600000 100000", "server_cpuset": "0-5", "client_cpu_max": "200000 100000", "client_cpuset": "6-7", "adapter_sha256": "ab48e0560fcab386071e04814e2c9329dac107f353b21bc116b6c3297d4cd5df"}
{"utc": "2026-09-22T08:49:49.469899+00:00", "event": "warmup_start", "client_mode": "processes"}
{"utc": "2026-09-22T08:50:49.294150+00:00", "event": "measurement_start", "client_mode": "processes", "worker_pids": [290112, 290113, 290114, 290115]}
{"utc": "2026-09-22T08:51:49.359139+00:00", "event": "client_complete", "qps": 166.93046143850924, "measured": {"detail_page": {"samples": 10000, "warnings": 0, "first_row_ms": {"mean": 19.6707199905, "median": 19.4143005, "p95": 26.975682, "p99": 31.428693, "min": 8.621271, "max": 52.218045}, "complete_ms": {"mean": 23.8506903, "median": 23.4672175, "p95": 31.839941, "p99": 36.544465, "min": 12.42039, "max": 62.921704}, "after_first_ms": {"p50": 3.784967999999999, "p95": 6.815708000000001, "p99": 7.919665000000002}}}}
{"event": "run_complete", "number": 13, "name": "abc-3-BAC-pos-3-C", "variant": "C-on", "client_mode": "processes", "block": 3, "position": 3, "phase": "abc", "qps": 166.93046143850924, "measured": {"detail_page": {"samples": 10000, "warnings": 0, "first_row_ms": {"mean": 19.6707199905, "median": 19.4143005, "p95": 26.975682, "p99": 31.428693, "min": 8.621271, "max": 52.218045}, "complete_ms": {"mean": 23.8506903, "median": 23.4672175, "p95": 31.839941, "p99": 36.544465, "min": 12.42039, "max": 62.921704}, "after_first_ms": {"p50": 3.784967999999999, "p95": 6.815708000000001, "p99": 7.919665000000002}}}, "warmup_samples": 8405}
{"node": "fe", "state": "stopped"}
{"node": "be1", "state": "stopped"}
{"node": "be2", "state": "stopped"}
{"node": "be0", "state": "stopped"}
{"event": "run_start", "number": 14, "total": 22, "name": "abc-4-BCA-pos-1-B", "variant": "B-off", "client_mode": "processes", "block": 4, "position": 1, "phase": "abc"}
{"node": "fe", "pid": 290275, "start_ticks": "26838311", "home": "/query-corruption-workspace/runtime/qct-cluster/fe", "command": ["/usr/lib/jvm/java-17-openjdk-arm64/bin/java", "-Xms512m", "-Xmx2g", "-XX:+UseG1GC", "-Dlog4j2.formatMsgNoLookups=true", "-cp", "/query-corruption-workspace/src/fe/fe-core/target/starrocks-fe.jar:/query-corruption-workspace/src/fe/fe-core/target/lib/*:/query-corruption-workspace/runtime/qct-cluster/fe/conf", "com.starrocks.StarRocksFE"], "selection": {"variant": "B-off", "source": "/query-corruption-workspace/src", "storage_page_cache": true, "selected_utc": "20260922T085200.015021Z"}}
{"node": "be0", "pid": 290276, "start_ticks": "26838311", "home": "/query-corruption-workspace/runtime/qct-cluster/be0", "command": ["/query-corruption-workspace/src/be/output/lib/starrocks_be"], "selection": {"variant": "B-off", "source": "/query-corruption-workspace/src", "storage_page_cache": true, "selected_utc": "20260922T085200.015021Z"}}
{"node": "be1", "pid": 290277, "start_ticks": "26838311", "home": "/query-corruption-workspace/runtime/qct-cluster/be1", "command": ["/query-corruption-workspace/src/be/output/lib/starrocks_be"], "selection": {"variant": "B-off", "source": "/query-corruption-workspace/src", "storage_page_cache": true, "selected_utc": "20260922T085200.015021Z"}}
{"node": "be2", "pid": 290278, "start_ticks": "26838311", "home": "/query-corruption-workspace/runtime/qct-cluster/be2", "command": ["/query-corruption-workspace/src/be/output/lib/starrocks_be"], "selection": {"variant": "B-off", "source": "/query-corruption-workspace/src", "storage_page_cache": true, "selected_utc": "20260922T085200.015021Z"}}
{"event": "split_preflight", "server_cpu_max": "600000 100000", "server_cpuset": "0-5", "client_cpu_max": "200000 100000", "client_cpuset": "6-7", "adapter_sha256": "ab48e0560fcab386071e04814e2c9329dac107f353b21bc116b6c3297d4cd5df"}
{"utc": "2026-09-22T08:52:25.416041+00:00", "event": "warmup_start", "client_mode": "processes"}
{"utc": "2026-09-22T08:53:25.391106+00:00", "event": "measurement_start", "client_mode": "processes", "worker_pids": [291904, 291905, 291906, 291907]}
{"utc": "2026-09-22T08:54:26.472665+00:00", "event": "client_complete", "qps": 163.81375355303064, "measured": {"detail_page": {"samples": 10000, "warnings": 0, "first_row_ms": {"mean": 20.1182397065, "median": 19.7958685, "p95": 27.74492, "p99": 32.105461, "min": 8.944486, "max": 55.813823}, "complete_ms": {"mean": 24.3034859266, "median": 23.8620395, "p95": 32.766207, "p99": 37.674952, "min": 12.472438, "max": 63.620958}, "after_first_ms": {"p50": 3.7707739999999994, "p95": 6.855049000000001, "p99": 8.129468}}}}
{"event": "run_complete", "number": 14, "name": "abc-4-BCA-pos-1-B", "variant": "B-off", "client_mode": "processes", "block": 4, "position": 1, "phase": "abc", "qps": 163.81375355303064, "measured": {"detail_page": {"samples": 10000, "warnings": 0, "first_row_ms": {"mean": 20.1182397065, "median": 19.7958685, "p95": 27.74492, "p99": 32.105461, "min": 8.944486, "max": 55.813823}, "complete_ms": {"mean": 24.3034859266, "median": 23.8620395, "p95": 32.766207, "p99": 37.674952, "min": 12.472438, "max": 63.620958}, "after_first_ms": {"p50": 3.7707739999999994, "p95": 6.855049000000001, "p99": 8.129468}}}, "warmup_samples": 8445}
{"node": "fe", "state": "stopped"}
{"node": "be1", "state": "stopped"}
{"node": "be2", "state": "stopped"}
{"node": "be0", "state": "stopped"}
{"event": "run_start", "number": 15, "total": 22, "name": "abc-4-BCA-pos-2-C", "variant": "C-on", "client_mode": "processes", "block": 4, "position": 2, "phase": "abc"}
{"node": "fe", "pid": 292056, "start_ticks": "26853994", "home": "/query-corruption-workspace/runtime/qct-cluster/fe", "command": ["/usr/lib/jvm/java-17-openjdk-arm64/bin/java", "-Xms512m", "-Xmx2g", "-XX:+UseG1GC", "-Dlog4j2.formatMsgNoLookups=true", "-cp", "/query-corruption-workspace/src/fe/fe-core/target/starrocks-fe.jar:/query-corruption-workspace/src/fe/fe-core/target/lib/*:/query-corruption-workspace/runtime/qct-cluster/fe/conf", "com.starrocks.StarRocksFE"], "selection": {"variant": "C-on", "source": "/query-corruption-workspace/src", "storage_page_cache": true, "selected_utc": "20260922T085435.862536Z"}}
{"node": "be0", "pid": 292057, "start_ticks": "26853994", "home": "/query-corruption-workspace/runtime/qct-cluster/be0", "command": ["/query-corruption-workspace/src/be/output/lib/starrocks_be"], "selection": {"variant": "C-on", "source": "/query-corruption-workspace/src", "storage_page_cache": true, "selected_utc": "20260922T085435.862536Z"}}
{"node": "be1", "pid": 292058, "start_ticks": "26853994", "home": "/query-corruption-workspace/runtime/qct-cluster/be1", "command": ["/query-corruption-workspace/src/be/output/lib/starrocks_be"], "selection": {"variant": "C-on", "source": "/query-corruption-workspace/src", "storage_page_cache": true, "selected_utc": "20260922T085435.862536Z"}}
{"node": "be2", "pid": 292059, "start_ticks": "26853995", "home": "/query-corruption-workspace/runtime/qct-cluster/be2", "command": ["/query-corruption-workspace/src/be/output/lib/starrocks_be"], "selection": {"variant": "C-on", "source": "/query-corruption-workspace/src", "storage_page_cache": true, "selected_utc": "20260922T085435.862536Z"}}
{"event": "split_preflight", "server_cpu_max": "600000 100000", "server_cpuset": "0-5", "client_cpu_max": "200000 100000", "client_cpuset": "6-7", "adapter_sha256": "ab48e0560fcab386071e04814e2c9329dac107f353b21bc116b6c3297d4cd5df"}
{"utc": "2026-09-22T08:55:01.031326+00:00", "event": "warmup_start", "client_mode": "processes"}
{"utc": "2026-09-22T08:56:01.107924+00:00", "event": "measurement_start", "client_mode": "processes", "worker_pids": [293684, 293685, 293686, 293687]}
{"utc": "2026-09-22T08:57:08.644697+00:00", "event": "client_complete", "qps": 148.51286100035708, "measured": {"detail_page": {"samples": 10000, "warnings": 0, "first_row_ms": {"mean": 22.4500078945, "median": 21.0029095, "p95": 31.38729, "p99": 46.749825, "min": 9.455052, "max": 675.19982}, "complete_ms": {"mean": 26.8289245934, "median": 25.196937, "p95": 36.862252, "p99": 55.043606, "min": 13.252909, "max": 686.511998}, "after_first_ms": {"p50": 3.841652, "p95": 7.069039000000004, "p99": 10.507528}}}}
{"event": "run_complete", "number": 15, "name": "abc-4-BCA-pos-2-C", "variant": "C-on", "client_mode": "processes", "block": 4, "position": 2, "phase": "abc", "qps": 148.51286100035708, "measured": {"detail_page": {"samples": 10000, "warnings": 0, "first_row_ms": {"mean": 22.4500078945, "median": 21.0029095, "p95": 31.38729, "p99": 46.749825, "min": 9.455052, "max": 675.19982}, "complete_ms": {"mean": 26.8289245934, "median": 25.196937, "p95": 36.862252, "p99": 55.043606, "min": 13.252909, "max": 686.511998}, "after_first_ms": {"p50": 3.841652, "p95": 7.069039000000004, "p99": 10.507528}}}, "warmup_samples": 8535}
{"node": "fe", "state": "stopped"}
{"node": "be1", "state": "stopped"}
{"node": "be0", "state": "stopped"}
{"node": "be2", "state": "stopped"}
{"event": "run_start", "number": 16, "total": 22, "name": "abc-4-BCA-pos-3-A", "variant": "A-baseline", "client_mode": "processes", "block": 4, "position": 3, "phase": "abc"}
{"node": "fe", "pid": 293837, "start_ticks": "26870366", "home": "/query-corruption-workspace/runtime/qct-cluster/fe", "command": ["/usr/lib/jvm/java-17-openjdk-arm64/bin/java", "-Xms512m", "-Xmx2g", "-XX:+UseG1GC", "-Dlog4j2.formatMsgNoLookups=true", "-cp", "/query-corruption-workspace/baseline-src/fe/fe-core/target/starrocks-fe.jar:/query-corruption-workspace/baseline-src/fe/fe-core/target/lib/*:/query-corruption-workspace/runtime/qct-cluster/fe/conf", "com.starrocks.StarRocksFE"], "selection": {"variant": "A-baseline", "source": "/query-corruption-workspace/baseline-src", "storage_page_cache": true, "selected_utc": "20260922T085718.783527Z"}}
{"node": "be0", "pid": 293838, "start_ticks": "26870366", "home": "/query-corruption-workspace/runtime/qct-cluster/be0", "command": ["/query-corruption-workspace/baseline-src/be/output/lib/starrocks_be"], "selection": {"variant": "A-baseline", "source": "/query-corruption-workspace/baseline-src", "storage_page_cache": true, "selected_utc": "20260922T085718.783527Z"}}
{"node": "be1", "pid": 293843, "start_ticks": "26870367", "home": "/query-corruption-workspace/runtime/qct-cluster/be1", "command": ["/query-corruption-workspace/baseline-src/be/output/lib/starrocks_be"], "selection": {"variant": "A-baseline", "source": "/query-corruption-workspace/baseline-src", "storage_page_cache": true, "selected_utc": "20260922T085718.783527Z"}}
{"node": "be2", "pid": 293844, "start_ticks": "26870367", "home": "/query-corruption-workspace/runtime/qct-cluster/be2", "command": ["/query-corruption-workspace/baseline-src/be/output/lib/starrocks_be"], "selection": {"variant": "A-baseline", "source": "/query-corruption-workspace/baseline-src", "storage_page_cache": true, "selected_utc": "20260922T085718.783527Z"}}
{"event": "split_preflight", "server_cpu_max": "600000 100000", "server_cpuset": "0-5", "client_cpu_max": "200000 100000", "client_cpuset": "6-7", "adapter_sha256": "ab48e0560fcab386071e04814e2c9329dac107f353b21bc116b6c3297d4cd5df"}
{"utc": "2026-09-22T08:57:44.420664+00:00", "event": "warmup_start", "client_mode": "processes"}
{"utc": "2026-09-22T08:58:44.367780+00:00", "event": "measurement_start", "client_mode": "processes", "worker_pids": [295463, 295464, 295465, 295466]}
{"utc": "2026-09-22T08:59:51.727103+00:00", "event": "client_complete", "qps": 148.26619994359987, "measured": {"detail_page": {"samples": 10000, "warnings": 0, "first_row_ms": {"mean": 22.5125540058, "median": 22.0533585, "p95": 30.844805, "p99": 36.498888, "min": 9.989404, "max": 197.721656}, "complete_ms": {"mean": 26.9225091521, "median": 26.335956000000003, "p95": 35.874511, "p99": 42.027795, "min": 13.932122, "max": 205.357069}, "after_first_ms": {"p50": 3.959301, "p95": 7.036782000000002, "p99": 8.738760000000003}}}}
{"event": "run_complete", "number": 16, "name": "abc-4-BCA-pos-3-A", "variant": "A-baseline", "client_mode": "processes", "block": 4, "position": 3, "phase": "abc", "qps": 148.26619994359987, "measured": {"detail_page": {"samples": 10000, "warnings": 0, "first_row_ms": {"mean": 22.5125540058, "median": 22.0533585, "p95": 30.844805, "p99": 36.498888, "min": 9.989404, "max": 197.721656}, "complete_ms": {"mean": 26.9225091521, "median": 26.335956000000003, "p95": 35.874511, "p99": 42.027795, "min": 13.932122, "max": 205.357069}, "after_first_ms": {"p50": 3.959301, "p95": 7.036782000000002, "p99": 8.738760000000003}}}, "warmup_samples": 7620}
{"node": "fe", "state": "stopped"}
{"node": "be2", "state": "stopped"}
{"node": "be0", "state": "stopped"}
{"node": "be1", "state": "stopped"}
{"event": "run_start", "number": 17, "total": 22, "name": "abc-5-CAB-pos-1-C", "variant": "C-on", "client_mode": "processes", "block": 5, "position": 1, "phase": "abc"}
{"node": "fe", "pid": 295622, "start_ticks": "26886741", "home": "/query-corruption-workspace/runtime/qct-cluster/fe", "command": ["/usr/lib/jvm/java-17-openjdk-arm64/bin/java", "-Xms512m", "-Xmx2g", "-XX:+UseG1GC", "-Dlog4j2.formatMsgNoLookups=true", "-cp", "/query-corruption-workspace/src/fe/fe-core/target/starrocks-fe.jar:/query-corruption-workspace/src/fe/fe-core/target/lib/*:/query-corruption-workspace/runtime/qct-cluster/fe/conf", "com.starrocks.StarRocksFE"], "selection": {"variant": "C-on", "source": "/query-corruption-workspace/src", "storage_page_cache": true, "selected_utc": "20260922T090001.343272Z"}}
{"node": "be0", "pid": 295623, "start_ticks": "26886741", "home": "/query-corruption-workspace/runtime/qct-cluster/be0", "command": ["/query-corruption-workspace/src/be/output/lib/starrocks_be"], "selection": {"variant": "C-on", "source": "/query-corruption-workspace/src", "storage_page_cache": true, "selected_utc": "20260922T090001.343272Z"}}
{"node": "be1", "pid": 295624, "start_ticks": "26886741", "home": "/query-corruption-workspace/runtime/qct-cluster/be1", "command": ["/query-corruption-workspace/src/be/output/lib/starrocks_be"], "selection": {"variant": "C-on", "source": "/query-corruption-workspace/src", "storage_page_cache": true, "selected_utc": "20260922T090001.343272Z"}}
{"node": "be2", "pid": 295625, "start_ticks": "26886741", "home": "/query-corruption-workspace/runtime/qct-cluster/be2", "command": ["/query-corruption-workspace/src/be/output/lib/starrocks_be"], "selection": {"variant": "C-on", "source": "/query-corruption-workspace/src", "storage_page_cache": true, "selected_utc": "20260922T090001.343272Z"}}
{"event": "split_preflight", "server_cpu_max": "600000 100000", "server_cpuset": "0-5", "client_cpu_max": "200000 100000", "client_cpuset": "6-7", "adapter_sha256": "ab48e0560fcab386071e04814e2c9329dac107f353b21bc116b6c3297d4cd5df"}
{"utc": "2026-09-22T09:00:27.284080+00:00", "event": "warmup_start", "client_mode": "processes"}
{"utc": "2026-09-22T09:01:27.332518+00:00", "event": "measurement_start", "client_mode": "processes", "worker_pids": [297252, 297253, 297254, 297255]}
{"utc": "2026-09-22T09:02:37.670697+00:00", "event": "client_complete", "qps": 142.2137853571708, "measured": {"detail_page": {"samples": 10000, "warnings": 0, "first_row_ms": {"mean": 23.4029759158, "median": 22.6112685, "p95": 32.52901, "p99": 42.475204, "min": 9.91583, "max": 244.38025}, "complete_ms": {"mean": 28.0443887298, "median": 27.061185000000002, "p95": 38.057436, "p99": 49.393103, "min": 13.649216, "max": 255.061101}, "after_first_ms": {"p50": 4.092755999999998, "p95": 7.394001000000003, "p99": 10.616253999999998}}}}
{"event": "run_complete", "number": 17, "name": "abc-5-CAB-pos-1-C", "variant": "C-on", "client_mode": "processes", "block": 5, "position": 1, "phase": "abc", "qps": 142.2137853571708, "measured": {"detail_page": {"samples": 10000, "warnings": 0, "first_row_ms": {"mean": 23.4029759158, "median": 22.6112685, "p95": 32.52901, "p99": 42.475204, "min": 9.91583, "max": 244.38025}, "complete_ms": {"mean": 28.0443887298, "median": 27.061185000000002, "p95": 38.057436, "p99": 49.393103, "min": 13.649216, "max": 255.061101}, "after_first_ms": {"p50": 4.092755999999998, "p95": 7.394001000000003, "p99": 10.616253999999998}}}, "warmup_samples": 7709}
{"node": "fe", "state": "stopped"}
{"node": "be2", "state": "stopped"}
{"node": "be0", "state": "stopped"}
{"node": "be1", "state": "stopped"}
{"event": "run_start", "number": 18, "total": 22, "name": "abc-5-CAB-pos-2-A", "variant": "A-baseline", "client_mode": "processes", "block": 5, "position": 2, "phase": "abc"}
{"node": "fe", "pid": 297415, "start_ticks": "26903500", "home": "/query-corruption-workspace/runtime/qct-cluster/fe", "command": ["/usr/lib/jvm/java-17-openjdk-arm64/bin/java", "-Xms512m", "-Xmx2g", "-XX:+UseG1GC", "-Dlog4j2.formatMsgNoLookups=true", "-cp", "/query-corruption-workspace/baseline-src/fe/fe-core/target/starrocks-fe.jar:/query-corruption-workspace/baseline-src/fe/fe-core/target/lib/*:/query-corruption-workspace/runtime/qct-cluster/fe/conf", "com.starrocks.StarRocksFE"], "selection": {"variant": "A-baseline", "source": "/query-corruption-workspace/baseline-src", "storage_page_cache": true, "selected_utc": "20260922T090248.025227Z"}}
{"node": "be0", "pid": 297416, "start_ticks": "26903500", "home": "/query-corruption-workspace/runtime/qct-cluster/be0", "command": ["/query-corruption-workspace/baseline-src/be/output/lib/starrocks_be"], "selection": {"variant": "A-baseline", "source": "/query-corruption-workspace/baseline-src", "storage_page_cache": true, "selected_utc": "20260922T090248.025227Z"}}
{"node": "be1", "pid": 297417, "start_ticks": "26903500", "home": "/query-corruption-workspace/runtime/qct-cluster/be1", "command": ["/query-corruption-workspace/baseline-src/be/output/lib/starrocks_be"], "selection": {"variant": "A-baseline", "source": "/query-corruption-workspace/baseline-src", "storage_page_cache": true, "selected_utc": "20260922T090248.025227Z"}}
{"node": "be2", "pid": 297418, "start_ticks": "26903500", "home": "/query-corruption-workspace/runtime/qct-cluster/be2", "command": ["/query-corruption-workspace/baseline-src/be/output/lib/starrocks_be"], "selection": {"variant": "A-baseline", "source": "/query-corruption-workspace/baseline-src", "storage_page_cache": true, "selected_utc": "20260922T090248.025227Z"}}
{"event": "split_preflight", "server_cpu_max": "600000 100000", "server_cpuset": "0-5", "client_cpu_max": "200000 100000", "client_cpuset": "6-7", "adapter_sha256": "ab48e0560fcab386071e04814e2c9329dac107f353b21bc116b6c3297d4cd5df"}
{"utc": "2026-09-22T09:03:13.916093+00:00", "event": "warmup_start", "client_mode": "processes"}
{"utc": "2026-09-22T09:04:13.926684+00:00", "event": "measurement_start", "client_mode": "processes", "worker_pids": [299043, 299044, 299045, 299046]}
{"utc": "2026-09-22T09:05:24.411248+00:00", "event": "client_complete", "qps": 141.3372308289481, "measured": {"detail_page": {"samples": 10000, "warnings": 0, "first_row_ms": {"mean": 23.5350254867, "median": 22.879713, "p95": 33.063505, "p99": 41.769881, "min": 10.344388, "max": 145.502931}, "complete_ms": {"mean": 28.1855281555, "median": 27.388074, "p95": 38.393602, "p99": 48.400041, "min": 14.316233, "max": 161.014754}, "after_first_ms": {"p50": 4.1072479999999985, "p95": 7.4169599999999996, "p99": 9.950579999999999}}}}
{"event": "run_complete", "number": 18, "name": "abc-5-CAB-pos-2-A", "variant": "A-baseline", "client_mode": "processes", "block": 5, "position": 2, "phase": "abc", "qps": 141.3372308289481, "measured": {"detail_page": {"samples": 10000, "warnings": 0, "first_row_ms": {"mean": 23.5350254867, "median": 22.879713, "p95": 33.063505, "p99": 41.769881, "min": 10.344388, "max": 145.502931}, "complete_ms": {"mean": 28.1855281555, "median": 27.388074, "p95": 38.393602, "p99": 48.400041, "min": 14.316233, "max": 161.014754}, "after_first_ms": {"p50": 4.1072479999999985, "p95": 7.4169599999999996, "p99": 9.950579999999999}}}, "warmup_samples": 7350}
{"node": "fe", "state": "stopped"}
{"node": "be2", "state": "stopped"}
{"node": "be0", "state": "stopped"}
{"node": "be1", "state": "stopped"}
{"event": "run_start", "number": 19, "total": 22, "name": "abc-5-CAB-pos-3-B", "variant": "B-off", "client_mode": "processes", "block": 5, "position": 3, "phase": "abc"}
{"node": "fe", "pid": 299200, "start_ticks": "26920186", "home": "/query-corruption-workspace/runtime/qct-cluster/fe", "command": ["/usr/lib/jvm/java-17-openjdk-arm64/bin/java", "-Xms512m", "-Xmx2g", "-XX:+UseG1GC", "-Dlog4j2.formatMsgNoLookups=true", "-cp", "/query-corruption-workspace/src/fe/fe-core/target/starrocks-fe.jar:/query-corruption-workspace/src/fe/fe-core/target/lib/*:/query-corruption-workspace/runtime/qct-cluster/fe/conf", "com.starrocks.StarRocksFE"], "selection": {"variant": "B-off", "source": "/query-corruption-workspace/src", "storage_page_cache": true, "selected_utc": "20260922T090533.412170Z"}}
{"node": "be0", "pid": 299201, "start_ticks": "26920186", "home": "/query-corruption-workspace/runtime/qct-cluster/be0", "command": ["/query-corruption-workspace/src/be/output/lib/starrocks_be"], "selection": {"variant": "B-off", "source": "/query-corruption-workspace/src", "storage_page_cache": true, "selected_utc": "20260922T090533.412170Z"}}
{"node": "be1", "pid": 299202, "start_ticks": "26920186", "home": "/query-corruption-workspace/runtime/qct-cluster/be1", "command": ["/query-corruption-workspace/src/be/output/lib/starrocks_be"], "selection": {"variant": "B-off", "source": "/query-corruption-workspace/src", "storage_page_cache": true, "selected_utc": "20260922T090533.412170Z"}}
{"node": "be2", "pid": 299203, "start_ticks": "26920186", "home": "/query-corruption-workspace/runtime/qct-cluster/be2", "command": ["/query-corruption-workspace/src/be/output/lib/starrocks_be"], "selection": {"variant": "B-off", "source": "/query-corruption-workspace/src", "storage_page_cache": true, "selected_utc": "20260922T090533.412170Z"}}
{"event": "split_preflight", "server_cpu_max": "600000 100000", "server_cpuset": "0-5", "client_cpu_max": "200000 100000", "client_cpuset": "6-7", "adapter_sha256": "ab48e0560fcab386071e04814e2c9329dac107f353b21bc116b6c3297d4cd5df"}
{"utc": "2026-09-22T09:06:01.476997+00:00", "event": "warmup_start", "client_mode": "processes"}
{"utc": "2026-09-22T09:07:01.089083+00:00", "event": "measurement_start", "client_mode": "processes", "worker_pids": [300816, 300817, 300818, 300819]}
{"utc": "2026-09-22T09:08:06.766912+00:00", "event": "client_complete", "qps": 151.69382351747893, "measured": {"detail_page": {"samples": 10000, "warnings": 0, "first_row_ms": {"mean": 21.8841468303, "median": 21.4811945, "p95": 30.48109, "p99": 35.770961, "min": 9.670333, "max": 81.992014}, "complete_ms": {"mean": 26.1790884435, "median": 25.676775499999998, "p95": 35.299217, "p99": 41.062729, "min": 13.268075, "max": 87.071613}, "after_first_ms": {"p50": 3.9072369999999985, "p95": 6.892016999999999, "p99": 8.090007999999997}}}}
{"event": "run_complete", "number": 19, "name": "abc-5-CAB-pos-3-B", "variant": "B-off", "client_mode": "processes", "block": 5, "position": 3, "phase": "abc", "qps": 151.69382351747893, "measured": {"detail_page": {"samples": 10000, "warnings": 0, "first_row_ms": {"mean": 21.8841468303, "median": 21.4811945, "p95": 30.48109, "p99": 35.770961, "min": 9.670333, "max": 81.992014}, "complete_ms": {"mean": 26.1790884435, "median": 25.676775499999998, "p95": 35.299217, "p99": 41.062729, "min": 13.268075, "max": 87.071613}, "after_first_ms": {"p50": 3.9072369999999985, "p95": 6.892016999999999, "p99": 8.090007999999997}}}, "warmup_samples": 7636}
{"node": "fe", "state": "stopped"}
{"node": "be0", "state": "stopped"}
{"node": "be2", "state": "stopped"}
{"node": "be1", "state": "stopped"}
{"event": "run_start", "number": 20, "total": 22, "name": "abc-6-CBA-pos-1-C", "variant": "C-on", "client_mode": "processes", "block": 6, "position": 1, "phase": "abc"}
{"node": "fe", "pid": 300979, "start_ticks": "26936667", "home": "/query-corruption-workspace/runtime/qct-cluster/fe", "command": ["/usr/lib/jvm/java-17-openjdk-arm64/bin/java", "-Xms512m", "-Xmx2g", "-XX:+UseG1GC", "-Dlog4j2.formatMsgNoLookups=true", "-cp", "/query-corruption-workspace/src/fe/fe-core/target/starrocks-fe.jar:/query-corruption-workspace/src/fe/fe-core/target/lib/*:/query-corruption-workspace/runtime/qct-cluster/fe/conf", "com.starrocks.StarRocksFE"], "selection": {"variant": "C-on", "source": "/query-corruption-workspace/src", "storage_page_cache": true, "selected_utc": "20260922T090816.324119Z"}}
{"node": "be0", "pid": 300980, "start_ticks": "26936667", "home": "/query-corruption-workspace/runtime/qct-cluster/be0", "command": ["/query-corruption-workspace/src/be/output/lib/starrocks_be"], "selection": {"variant": "C-on", "source": "/query-corruption-workspace/src", "storage_page_cache": true, "selected_utc": "20260922T090816.324119Z"}}
{"node": "be1", "pid": 300981, "start_ticks": "26936667", "home": "/query-corruption-workspace/runtime/qct-cluster/be1", "command": ["/query-corruption-workspace/src/be/output/lib/starrocks_be"], "selection": {"variant": "C-on", "source": "/query-corruption-workspace/src", "storage_page_cache": true, "selected_utc": "20260922T090816.324119Z"}}
{"node": "be2", "pid": 300982, "start_ticks": "26936667", "home": "/query-corruption-workspace/runtime/qct-cluster/be2", "command": ["/query-corruption-workspace/src/be/output/lib/starrocks_be"], "selection": {"variant": "C-on", "source": "/query-corruption-workspace/src", "storage_page_cache": true, "selected_utc": "20260922T090816.324119Z"}}
{"event": "split_preflight", "server_cpu_max": "600000 100000", "server_cpuset": "0-5", "client_cpu_max": "200000 100000", "client_cpuset": "6-7", "adapter_sha256": "ab48e0560fcab386071e04814e2c9329dac107f353b21bc116b6c3297d4cd5df"}
{"utc": "2026-09-22T09:08:41.711264+00:00", "event": "warmup_start", "client_mode": "processes"}
{"utc": "2026-09-22T09:09:41.341822+00:00", "event": "measurement_start", "client_mode": "processes", "worker_pids": [302609, 302610, 302611, 302612]}
{"utc": "2026-09-22T09:10:45.445598+00:00", "event": "client_complete", "qps": 155.79467163482155, "measured": {"detail_page": {"samples": 10000, "warnings": 0, "first_row_ms": {"mean": 21.2760094789, "median": 20.7960915, "p95": 29.598038, "p99": 36.579538, "min": 9.580493, "max": 82.986848}, "complete_ms": {"mean": 25.5423832262, "median": 24.9307995, "p95": 34.447251, "p99": 42.590535, "min": 13.186341, "max": 91.946326}, "after_first_ms": {"p50": 3.8396159999999995, "p95": 6.888093000000001, "p99": 8.379998999999998}}}}
{"event": "run_complete", "number": 20, "name": "abc-6-CBA-pos-1-C", "variant": "C-on", "client_mode": "processes", "block": 6, "position": 1, "phase": "abc", "qps": 155.79467163482155, "measured": {"detail_page": {"samples": 10000, "warnings": 0, "first_row_ms": {"mean": 21.2760094789, "median": 20.7960915, "p95": 29.598038, "p99": 36.579538, "min": 9.580493, "max": 82.986848}, "complete_ms": {"mean": 25.5423832262, "median": 24.9307995, "p95": 34.447251, "p99": 42.590535, "min": 13.186341, "max": 91.946326}, "after_first_ms": {"p50": 3.8396159999999995, "p95": 6.888093000000001, "p99": 8.379998999999998}}}, "warmup_samples": 7848}
{"node": "fe", "state": "stopped"}
{"node": "be2", "state": "stopped"}
{"node": "be0", "state": "stopped"}
{"node": "be1", "state": "stopped"}
{"event": "run_start", "number": 21, "total": 22, "name": "abc-6-CBA-pos-2-B", "variant": "B-off", "client_mode": "processes", "block": 6, "position": 2, "phase": "abc"}
{"node": "fe", "pid": 302768, "start_ticks": "26952749", "home": "/query-corruption-workspace/runtime/qct-cluster/fe", "command": ["/usr/lib/jvm/java-17-openjdk-arm64/bin/java", "-Xms512m", "-Xmx2g", "-XX:+UseG1GC", "-Dlog4j2.formatMsgNoLookups=true", "-cp", "/query-corruption-workspace/src/fe/fe-core/target/starrocks-fe.jar:/query-corruption-workspace/src/fe/fe-core/target/lib/*:/query-corruption-workspace/runtime/qct-cluster/fe/conf", "com.starrocks.StarRocksFE"], "selection": {"variant": "B-off", "source": "/query-corruption-workspace/src", "storage_page_cache": true, "selected_utc": "20260922T091055.660879Z"}}
{"node": "be0", "pid": 302769, "start_ticks": "26952749", "home": "/query-corruption-workspace/runtime/qct-cluster/be0", "command": ["/query-corruption-workspace/src/be/output/lib/starrocks_be"], "selection": {"variant": "B-off", "source": "/query-corruption-workspace/src", "storage_page_cache": true, "selected_utc": "20260922T091055.660879Z"}}
{"node": "be1", "pid": 302770, "start_ticks": "26952749", "home": "/query-corruption-workspace/runtime/qct-cluster/be1", "command": ["/query-corruption-workspace/src/be/output/lib/starrocks_be"], "selection": {"variant": "B-off", "source": "/query-corruption-workspace/src", "storage_page_cache": true, "selected_utc": "20260922T091055.660879Z"}}
{"node": "be2", "pid": 302771, "start_ticks": "26952749", "home": "/query-corruption-workspace/runtime/qct-cluster/be2", "command": ["/query-corruption-workspace/src/be/output/lib/starrocks_be"], "selection": {"variant": "B-off", "source": "/query-corruption-workspace/src", "storage_page_cache": true, "selected_utc": "20260922T091055.660879Z"}}
{"event": "split_preflight", "server_cpu_max": "600000 100000", "server_cpuset": "0-5", "client_cpu_max": "200000 100000", "client_cpuset": "6-7", "adapter_sha256": "ab48e0560fcab386071e04814e2c9329dac107f353b21bc116b6c3297d4cd5df"}
{"utc": "2026-09-22T09:11:20.354166+00:00", "event": "warmup_start", "client_mode": "processes"}
{"utc": "2026-09-22T09:12:20.206452+00:00", "event": "measurement_start", "client_mode": "processes", "worker_pids": [304396, 304397, 304398, 304399]}
{"utc": "2026-09-22T09:13:20.401139+00:00", "event": "client_complete", "qps": 165.16980035081667, "measured": {"detail_page": {"samples": 10000, "warnings": 0, "first_row_ms": {"mean": 19.8946069749, "median": 19.571069, "p95": 27.350597, "p99": 31.775016, "min": 9.004432, "max": 103.02924}, "complete_ms": {"mean": 24.0730772305, "median": 23.6352275, "p95": 32.179167, "p99": 36.657912, "min": 12.609969, "max": 125.032356}, "after_first_ms": {"p50": 3.7957280000000004, "p95": 6.820193, "p99": 7.957511999999998}}}}
{"event": "run_complete", "number": 21, "name": "abc-6-CBA-pos-2-B", "variant": "B-off", "client_mode": "processes", "block": 6, "position": 2, "phase": "abc", "qps": 165.16980035081667, "measured": {"detail_page": {"samples": 10000, "warnings": 0, "first_row_ms": {"mean": 19.8946069749, "median": 19.571069, "p95": 27.350597, "p99": 31.775016, "min": 9.004432, "max": 103.02924}, "complete_ms": {"mean": 24.0730772305, "median": 23.6352275, "p95": 32.179167, "p99": 36.657912, "min": 12.609969, "max": 125.032356}, "after_first_ms": {"p50": 3.7957280000000004, "p95": 6.820193, "p99": 7.957511999999998}}}, "warmup_samples": 8484}
{"node": "fe", "state": "stopped"}
{"node": "be0", "state": "stopped"}
{"node": "be1", "state": "stopped"}
{"node": "be2", "state": "stopped"}
{"event": "run_start", "number": 22, "total": 22, "name": "abc-6-CBA-pos-3-A", "variant": "A-baseline", "client_mode": "processes", "block": 6, "position": 3, "phase": "abc"}
{"node": "fe", "pid": 304551, "start_ticks": "26968316", "home": "/query-corruption-workspace/runtime/qct-cluster/fe", "command": ["/usr/lib/jvm/java-17-openjdk-arm64/bin/java", "-Xms512m", "-Xmx2g", "-XX:+UseG1GC", "-Dlog4j2.formatMsgNoLookups=true", "-cp", "/query-corruption-workspace/baseline-src/fe/fe-core/target/starrocks-fe.jar:/query-corruption-workspace/baseline-src/fe/fe-core/target/lib/*:/query-corruption-workspace/runtime/qct-cluster/fe/conf", "com.starrocks.StarRocksFE"], "selection": {"variant": "A-baseline", "source": "/query-corruption-workspace/baseline-src", "storage_page_cache": true, "selected_utc": "20260922T091329.641287Z"}}
{"node": "be0", "pid": 304552, "start_ticks": "26968317", "home": "/query-corruption-workspace/runtime/qct-cluster/be0", "command": ["/query-corruption-workspace/baseline-src/be/output/lib/starrocks_be"], "selection": {"variant": "A-baseline", "source": "/query-corruption-workspace/baseline-src", "storage_page_cache": true, "selected_utc": "20260922T091329.641287Z"}}
{"node": "be1", "pid": 304553, "start_ticks": "26968317", "home": "/query-corruption-workspace/runtime/qct-cluster/be1", "command": ["/query-corruption-workspace/baseline-src/be/output/lib/starrocks_be"], "selection": {"variant": "A-baseline", "source": "/query-corruption-workspace/baseline-src", "storage_page_cache": true, "selected_utc": "20260922T091329.641287Z"}}
{"node": "be2", "pid": 304554, "start_ticks": "26968317", "home": "/query-corruption-workspace/runtime/qct-cluster/be2", "command": ["/query-corruption-workspace/baseline-src/be/output/lib/starrocks_be"], "selection": {"variant": "A-baseline", "source": "/query-corruption-workspace/baseline-src", "storage_page_cache": true, "selected_utc": "20260922T091329.641287Z"}}
{"event": "split_preflight", "server_cpu_max": "600000 100000", "server_cpuset": "0-5", "client_cpu_max": "200000 100000", "client_cpuset": "6-7", "adapter_sha256": "ab48e0560fcab386071e04814e2c9329dac107f353b21bc116b6c3297d4cd5df"}
{"utc": "2026-09-22T09:13:54.748652+00:00", "event": "warmup_start", "client_mode": "processes"}
{"utc": "2026-09-22T09:14:54.322015+00:00", "event": "measurement_start", "client_mode": "processes", "worker_pids": [306181, 306182, 306183, 306184]}
{"utc": "2026-09-22T09:15:55.328960+00:00", "event": "client_complete", "qps": 163.24422473927925, "measured": {"detail_page": {"samples": 10000, "warnings": 0, "first_row_ms": {"mean": 20.2164623558, "median": 19.9019135, "p95": 27.793958, "p99": 32.499356, "min": 9.103124, "max": 98.573669}, "complete_ms": {"mean": 24.4325959796, "median": 23.978727, "p95": 32.68526, "p99": 38.202248, "min": 12.724127, "max": 113.709864}, "after_first_ms": {"p50": 3.797689000000002, "p95": 6.854457, "p99": 8.357410000000002}}}}
{"event": "run_complete", "number": 22, "name": "abc-6-CBA-pos-3-A", "variant": "A-baseline", "client_mode": "processes", "block": 6, "position": 3, "phase": "abc", "qps": 163.24422473927925, "measured": {"detail_page": {"samples": 10000, "warnings": 0, "first_row_ms": {"mean": 20.2164623558, "median": 19.9019135, "p95": 27.793958, "p99": 32.499356, "min": 9.103124, "max": 98.573669}, "complete_ms": {"mean": 24.4325959796, "median": 23.978727, "p95": 32.68526, "p99": 38.202248, "min": 12.724127, "max": 113.709864}, "after_first_ms": {"p50": 3.797689000000002, "p95": 6.854457, "p99": 8.357410000000002}}}, "warmup_samples": 8728}
{"node": "fe", "state": "stopped"}
{"node": "be0", "state": "stopped"}
{"node": "be2", "state": "stopped"}
{"node": "be1", "state": "stopped"}
Flag --time has been deprecated, use --timeout instead
starrocks-query-corruption-perf-client
{"node": "be2", "state": "already stopped"}
{"node": "fe", "state": "already stopped"}
{"node": "be0", "state": "already stopped"}
{"node": "be1", "state": "already stopped"}
starrocks-query-corruption-4.0-build
